Archive member included to satisfy reference by file (symbol)

c:/program files (x86)/atmel/studio/7.0/toolchain/avr8/avr8-gnu-toolchain/bin/../lib/gcc/avr/5.4.0/../../../../avr/lib/avr5\libm.a(divsf3.o)
                              buzzer.o (__divsf3)
c:/program files (x86)/atmel/studio/7.0/toolchain/avr8/avr8-gnu-toolchain/bin/../lib/gcc/avr/5.4.0/../../../../avr/lib/avr5\libm.a(divsf3x.o)
                              c:/program files (x86)/atmel/studio/7.0/toolchain/avr8/avr8-gnu-toolchain/bin/../lib/gcc/avr/5.4.0/../../../../avr/lib/avr5\libm.a(divsf3.o) (__divsf3x)
c:/program files (x86)/atmel/studio/7.0/toolchain/avr8/avr8-gnu-toolchain/bin/../lib/gcc/avr/5.4.0/../../../../avr/lib/avr5\libm.a(fixunssfsi.o)
                              buzzer.o (__fixunssfsi)
c:/program files (x86)/atmel/studio/7.0/toolchain/avr8/avr8-gnu-toolchain/bin/../lib/gcc/avr/5.4.0/../../../../avr/lib/avr5\libm.a(floatsisf.o)
                              buzzer.o (__floatunsisf)
c:/program files (x86)/atmel/studio/7.0/toolchain/avr8/avr8-gnu-toolchain/bin/../lib/gcc/avr/5.4.0/../../../../avr/lib/avr5\libm.a(fp_inf.o)
                              c:/program files (x86)/atmel/studio/7.0/toolchain/avr8/avr8-gnu-toolchain/bin/../lib/gcc/avr/5.4.0/../../../../avr/lib/avr5\libm.a(divsf3x.o) (__fp_inf)
c:/program files (x86)/atmel/studio/7.0/toolchain/avr8/avr8-gnu-toolchain/bin/../lib/gcc/avr/5.4.0/../../../../avr/lib/avr5\libm.a(fp_nan.o)
                              c:/program files (x86)/atmel/studio/7.0/toolchain/avr8/avr8-gnu-toolchain/bin/../lib/gcc/avr/5.4.0/../../../../avr/lib/avr5\libm.a(divsf3x.o) (__fp_nan)
c:/program files (x86)/atmel/studio/7.0/toolchain/avr8/avr8-gnu-toolchain/bin/../lib/gcc/avr/5.4.0/../../../../avr/lib/avr5\libm.a(fp_pscA.o)
                              c:/program files (x86)/atmel/studio/7.0/toolchain/avr8/avr8-gnu-toolchain/bin/../lib/gcc/avr/5.4.0/../../../../avr/lib/avr5\libm.a(divsf3x.o) (__fp_pscA)
c:/program files (x86)/atmel/studio/7.0/toolchain/avr8/avr8-gnu-toolchain/bin/../lib/gcc/avr/5.4.0/../../../../avr/lib/avr5\libm.a(fp_pscB.o)
                              c:/program files (x86)/atmel/studio/7.0/toolchain/avr8/avr8-gnu-toolchain/bin/../lib/gcc/avr/5.4.0/../../../../avr/lib/avr5\libm.a(divsf3x.o) (__fp_pscB)
c:/program files (x86)/atmel/studio/7.0/toolchain/avr8/avr8-gnu-toolchain/bin/../lib/gcc/avr/5.4.0/../../../../avr/lib/avr5\libm.a(fp_round.o)
                              c:/program files (x86)/atmel/studio/7.0/toolchain/avr8/avr8-gnu-toolchain/bin/../lib/gcc/avr/5.4.0/../../../../avr/lib/avr5\libm.a(divsf3.o) (__fp_round)
c:/program files (x86)/atmel/studio/7.0/toolchain/avr8/avr8-gnu-toolchain/bin/../lib/gcc/avr/5.4.0/../../../../avr/lib/avr5\libm.a(fp_split3.o)
                              c:/program files (x86)/atmel/studio/7.0/toolchain/avr8/avr8-gnu-toolchain/bin/../lib/gcc/avr/5.4.0/../../../../avr/lib/avr5\libm.a(divsf3x.o) (__fp_split3)
c:/program files (x86)/atmel/studio/7.0/toolchain/avr8/avr8-gnu-toolchain/bin/../lib/gcc/avr/5.4.0/../../../../avr/lib/avr5\libm.a(fp_zero.o)
                              c:/program files (x86)/atmel/studio/7.0/toolchain/avr8/avr8-gnu-toolchain/bin/../lib/gcc/avr/5.4.0/../../../../avr/lib/avr5\libm.a(fixunssfsi.o) (__fp_zero)
c:/program files (x86)/atmel/studio/7.0/toolchain/avr8/avr8-gnu-toolchain/bin/../lib/gcc/avr/5.4.0/../../../../avr/lib/avr5\libm.a(mulsf3.o)
                              buzzer.o (__mulsf3)
c:/program files (x86)/atmel/studio/7.0/toolchain/avr8/avr8-gnu-toolchain/bin/../lib/gcc/avr/5.4.0/../../../../avr/lib/avr5\libm.a(mulsf3x.o)
                              c:/program files (x86)/atmel/studio/7.0/toolchain/avr8/avr8-gnu-toolchain/bin/../lib/gcc/avr/5.4.0/../../../../avr/lib/avr5\libm.a(mulsf3.o) (__mulsf3x)
c:/program files (x86)/atmel/studio/7.0/toolchain/avr8/avr8-gnu-toolchain/bin/../lib/gcc/avr/5.4.0/avr5\libgcc.a(_udivmodqi4.o)
                              prand_number_gen.o (__udivmodqi4)
c:/program files (x86)/atmel/studio/7.0/toolchain/avr8/avr8-gnu-toolchain/bin/../lib/gcc/avr/5.4.0/avr5\libgcc.a(_udivmodsi4.o)
                              buzzer.o (__udivmodsi4)
c:/program files (x86)/atmel/studio/7.0/toolchain/avr8/avr8-gnu-toolchain/bin/../lib/gcc/avr/5.4.0/avr5\libgcc.a(_divmodsi4.o)
                              serialio.o (__divmodsi4)
c:/program files (x86)/atmel/studio/7.0/toolchain/avr8/avr8-gnu-toolchain/bin/../lib/gcc/avr/5.4.0/avr5\libgcc.a(_negsi2.o)
                              c:/program files (x86)/atmel/studio/7.0/toolchain/avr8/avr8-gnu-toolchain/bin/../lib/gcc/avr/5.4.0/avr5\libgcc.a(_divmodsi4.o) (__negsi2)
c:/program files (x86)/atmel/studio/7.0/toolchain/avr8/avr8-gnu-toolchain/bin/../lib/gcc/avr/5.4.0/avr5\libgcc.a(_exit.o)
                              C:/Program Files (x86)/Atmel/Studio/7.0/Packs/atmel/ATmega_DFP/1.7.374/gcc/dev/atmega324a/avr5/crtatmega324a.o (exit)
c:/program files (x86)/atmel/studio/7.0/toolchain/avr8/avr8-gnu-toolchain/bin/../lib/gcc/avr/5.4.0/avr5\libgcc.a(_copy_data.o)
                              animator.o (__do_copy_data)
c:/program files (x86)/atmel/studio/7.0/toolchain/avr8/avr8-gnu-toolchain/bin/../lib/gcc/avr/5.4.0/avr5\libgcc.a(_clear_bss.o)
                              animator.o (__do_clear_bss)
c:/program files (x86)/atmel/studio/7.0/toolchain/avr8/avr8-gnu-toolchain/bin/../lib/gcc/avr/5.4.0/avr5\libgcc.a(_umulhisi3.o)
                              project.o (__umulhisi3)
c:/program files (x86)/atmel/studio/7.0/toolchain/avr8/avr8-gnu-toolchain/bin/../lib/gcc/avr/5.4.0/../../../../avr/lib/avr5\libc.a(fgetc.o)
                              serialio.o (fgetc)
c:/program files (x86)/atmel/studio/7.0/toolchain/avr8/avr8-gnu-toolchain/bin/../lib/gcc/avr/5.4.0/../../../../avr/lib/avr5\libc.a(iob.o)
                              serialio.o (__iob)
c:/program files (x86)/atmel/studio/7.0/toolchain/avr8/avr8-gnu-toolchain/bin/../lib/gcc/avr/5.4.0/../../../../avr/lib/avr5\libc.a(printf.o)
                              project.o (printf)
c:/program files (x86)/atmel/studio/7.0/toolchain/avr8/avr8-gnu-toolchain/bin/../lib/gcc/avr/5.4.0/../../../../avr/lib/avr5\libc.a(printf_p.o)
                              dice.o (printf_P)
c:/program files (x86)/atmel/studio/7.0/toolchain/avr8/avr8-gnu-toolchain/bin/../lib/gcc/avr/5.4.0/../../../../avr/lib/avr5\libc.a(vfprintf_std.o)
                              c:/program files (x86)/atmel/studio/7.0/toolchain/avr8/avr8-gnu-toolchain/bin/../lib/gcc/avr/5.4.0/../../../../avr/lib/avr5\libc.a(printf.o) (vfprintf)
c:/program files (x86)/atmel/studio/7.0/toolchain/avr8/avr8-gnu-toolchain/bin/../lib/gcc/avr/5.4.0/../../../../avr/lib/avr5\libc.a(strnlen_P.o)
                              c:/program files (x86)/atmel/studio/7.0/toolchain/avr8/avr8-gnu-toolchain/bin/../lib/gcc/avr/5.4.0/../../../../avr/lib/avr5\libc.a(vfprintf_std.o) (strnlen_P)
c:/program files (x86)/atmel/studio/7.0/toolchain/avr8/avr8-gnu-toolchain/bin/../lib/gcc/avr/5.4.0/../../../../avr/lib/avr5\libc.a(strnlen.o)
                              c:/program files (x86)/atmel/studio/7.0/toolchain/avr8/avr8-gnu-toolchain/bin/../lib/gcc/avr/5.4.0/../../../../avr/lib/avr5\libc.a(vfprintf_std.o) (strnlen)
c:/program files (x86)/atmel/studio/7.0/toolchain/avr8/avr8-gnu-toolchain/bin/../lib/gcc/avr/5.4.0/../../../../avr/lib/avr5\libc.a(fputc.o)
                              c:/program files (x86)/atmel/studio/7.0/toolchain/avr8/avr8-gnu-toolchain/bin/../lib/gcc/avr/5.4.0/../../../../avr/lib/avr5\libc.a(vfprintf_std.o) (fputc)
c:/program files (x86)/atmel/studio/7.0/toolchain/avr8/avr8-gnu-toolchain/bin/../lib/gcc/avr/5.4.0/../../../../avr/lib/avr5\libc.a(ultoa_invert.o)
                              c:/program files (x86)/atmel/studio/7.0/toolchain/avr8/avr8-gnu-toolchain/bin/../lib/gcc/avr/5.4.0/../../../../avr/lib/avr5\libc.a(vfprintf_std.o) (__ultoa_invert)
c:/program files (x86)/atmel/studio/7.0/toolchain/avr8/avr8-gnu-toolchain/bin/../lib/gcc/avr/5.4.0/avr5\libgcc.a(_prologue.o)
                              c:/program files (x86)/atmel/studio/7.0/toolchain/avr8/avr8-gnu-toolchain/bin/../lib/gcc/avr/5.4.0/../../../../avr/lib/avr5\libc.a(printf.o) (__prologue_saves__)
c:/program files (x86)/atmel/studio/7.0/toolchain/avr8/avr8-gnu-toolchain/bin/../lib/gcc/avr/5.4.0/avr5\libgcc.a(_epilogue.o)
                              c:/program files (x86)/atmel/studio/7.0/toolchain/avr8/avr8-gnu-toolchain/bin/../lib/gcc/avr/5.4.0/../../../../avr/lib/avr5\libc.a(printf.o) (__epilogue_restores__)

Allocating common symbols
Common symbol       size              file

axis_toggle         0x1               joystick.o
player_1_time       0x2               game.o
axis_hold_sample    0x1               joystick.o
out_insert_pos      0x1               serialio.o
frequency           0x2               buzzer.o
player_dice_roll_finish
                    0x1               dice.o
bytes_in_out_buffer
                    0x1               serialio.o
current_scroll_length
                    0x1               animator.o
tone_slide_time     0x4               buzzer.o
out_buffer          0xff              serialio.o
input_insert_pos    0x1               serialio.o
player_2_x          0x1               game.o
melody_length       0x1               buzzer.o
current_scroll_direction
                    0x1               animator.o
y_joy               0x2               joystick.o
axis_debounce_time  0x4               joystick.o
player_1_move_buffer_index
                    0x1               game.o
slide               0x1               buzzer.o
game_winner         0x1               game.o
current_scroll_frame_time
                    0x2               animator.o
melody_sound_index  0x1               buzzer.o
adc_read            0x2               joystick.o
dy_joy              0x1               joystick.o
clockperiod         0x2               buzzer.o
current_move_time   0x4               animator.o
tone_start_time     0x4               buzzer.o
tone_mute_flag      0x1               buzzer.o
input_buffer        0x10              serialio.o
tone_dutycycle      0x4               buzzer.o
player_1_x          0x1               game.o
input_overrun       0x1               serialio.o
player_turns        0x1               game.o
player_2_move_buffer_index
                    0x1               game.o
axis_hold_wait      0x2               joystick.o
axis_hold_time      0x4               joystick.o
seven_seg_left      0x1               seven_seg.o
current_scroll_head_index
                    0x1               animator.o
tone_duration       0x2               buzzer.o
x_joy               0x2               joystick.o
last_display_time   0x4               seven_seg.o
dx_joy              0x1               joystick.o
seven_seg_cc        0x1               seven_seg.o
melody_playing_flag
                    0x1               buzzer.o
current_scroll_colour
                    0x1               animator.o
seven_seg_right     0x1               seven_seg.o
player_2_move_buffer
                    0x30              game.o
timer_pause_flag    0x1               buzzer.o
player_1_y          0x1               game.o
axis_hold_flag      0x1               joystick.o
player_visible      0x1               game.o
player_1_move_buffer
                    0x30              game.o
melody_sounds       0x2               buzzer.o
__iob               0x6               c:/program files (x86)/atmel/studio/7.0/toolchain/avr8/avr8-gnu-toolchain/bin/../lib/gcc/avr/5.4.0/../../../../avr/lib/avr5\libc.a(iob.o)
bytes_in_input_buffer
                    0x1               serialio.o
player_2_y          0x1               game.o
pulsewidth          0x2               buzzer.o
current_scroll_time
                    0x4               animator.o
player_2_time       0x2               game.o
player_dice_roll    0x1               dice.o
player_dice_roll_num
                    0x1               dice.o

Discarded input sections

 .data          0x00000000        0x0 C:/Program Files (x86)/Atmel/Studio/7.0/Packs/atmel/ATmega_DFP/1.7.374/gcc/dev/atmega324a/avr5/crtatmega324a.o
 .bss           0x00000000        0x0 C:/Program Files (x86)/Atmel/Studio/7.0/Packs/atmel/ATmega_DFP/1.7.374/gcc/dev/atmega324a/avr5/crtatmega324a.o
 .text          0x00000000        0x0 animator.o
 .data          0x00000000        0x0 animator.o
 .bss           0x00000000        0x0 animator.o
 .text          0x00000000        0x0 buttons.o
 .data          0x00000000        0x0 buttons.o
 .bss           0x00000000        0x0 buttons.o
 .text          0x00000000        0x0 buzzer.o
 .data          0x00000000        0x0 buzzer.o
 .bss           0x00000000        0x0 buzzer.o
 .text          0x00000000        0x0 dice.o
 .data          0x00000000        0x0 dice.o
 .bss           0x00000000        0x0 dice.o
 .text          0x00000000        0x0 display.o
 .data          0x00000000        0x0 display.o
 .bss           0x00000000        0x0 display.o
 .text          0x00000000        0x0 game.o
 .data          0x00000000        0x0 game.o
 .bss           0x00000000        0x0 game.o
 .text.move_buffer_reset
                0x00000000       0x1c game.o
 .text          0x00000000        0x0 gameboard.o
 .data          0x00000000        0x0 gameboard.o
 .bss           0x00000000        0x0 gameboard.o
 .text          0x00000000        0x0 joystick.o
 .data          0x00000000        0x0 joystick.o
 .bss           0x00000000        0x0 joystick.o
 .text.get_joystick_axis
                0x00000000       0x1e joystick.o
 .text          0x00000000        0x0 ledmatrix.o
 .data          0x00000000        0x0 ledmatrix.o
 .bss           0x00000000        0x0 ledmatrix.o
 .text.ledmatrix_update_all
                0x00000000       0x4c ledmatrix.o
 .text.ledmatrix_update_row
                0x00000000       0x3a ledmatrix.o
 .text.ledmatrix_shift_display_up
                0x00000000        0xe ledmatrix.o
 .text.ledmatrix_shift_display_down
                0x00000000        0xe ledmatrix.o
 .text.copy_matrix_column
                0x00000000       0x22 ledmatrix.o
 .text.copy_matrix_row
                0x00000000       0x22 ledmatrix.o
 .text.set_matrix_column_to_colour
                0x00000000       0x16 ledmatrix.o
 .text.set_matrix_row_to_colour
                0x00000000       0x16 ledmatrix.o
 .text          0x00000000        0x0 prand_number_gen.o
 .data          0x00000000        0x0 prand_number_gen.o
 .bss           0x00000000        0x0 prand_number_gen.o
 .text          0x00000000        0x0 project.o
 .data          0x00000000        0x0 project.o
 .bss           0x00000000        0x0 project.o
 .text          0x00000000        0x0 serialio.o
 .data          0x00000000        0x0 serialio.o
 .bss           0x00000000        0x0 serialio.o
 .text          0x00000000        0x0 seven_seg.o
 .data          0x00000000        0x0 seven_seg.o
 .bss           0x00000000        0x0 seven_seg.o
 .text.sevenseg_clear
                0x00000000        0xc seven_seg.o
 .text.find_digit
                0x00000000       0x48 seven_seg.o
 .text          0x00000000        0x0 spi.o
 .data          0x00000000        0x0 spi.o
 .bss           0x00000000        0x0 spi.o
 .text          0x00000000        0x0 terminalio.o
 .data          0x00000000        0x0 terminalio.o
 .bss           0x00000000        0x0 terminalio.o
 .text.normal_display_mode
                0x00000000       0x12 terminalio.o
 .text.reverse_video
                0x00000000       0x12 terminalio.o
 .text.set_display_attribute
                0x00000000       0x1a terminalio.o
 .text.show_cursor
                0x00000000       0x12 terminalio.o
 .text.enable_scrolling_for_whole_display
                0x00000000       0x12 terminalio.o
 .text.set_scroll_region
                0x00000000       0x32 terminalio.o
 .text.scroll_down
                0x00000000       0x12 terminalio.o
 .text.scroll_up
                0x00000000       0x12 terminalio.o
 .rodata.str1.1
                0x00000000        0x2 terminalio.o
 .text.draw_horizontal_line
                0x00000000       0x40 terminalio.o
 .text.draw_vertical_line
                0x00000000       0x5e terminalio.o
 .progmem.data.__c.2096
                0x00000000        0x7 terminalio.o
 .progmem.data.__c.2079
                0x00000000        0x3 terminalio.o
 .progmem.data.__c.2074
                0x00000000        0x3 terminalio.o
 .progmem.data.__c.2069
                0x00000000        0x9 terminalio.o
 .progmem.data.__c.2063
                0x00000000        0x4 terminalio.o
 .progmem.data.__c.2058
                0x00000000        0x7 terminalio.o
 .progmem.data.__c.2050
                0x00000000        0x6 terminalio.o
 .progmem.data.__c.2035
                0x00000000        0x5 terminalio.o
 .progmem.data.__c.2030
                0x00000000        0x5 terminalio.o
 .text          0x00000000        0x0 timer0.o
 .data          0x00000000        0x0 timer0.o
 .bss           0x00000000        0x0 timer0.o
 .text          0x00000000        0x0 c:/program files (x86)/atmel/studio/7.0/toolchain/avr8/avr8-gnu-toolchain/bin/../lib/gcc/avr/5.4.0/../../../../avr/lib/avr5\libm.a(divsf3.o)
 .data          0x00000000        0x0 c:/program files (x86)/atmel/studio/7.0/toolchain/avr8/avr8-gnu-toolchain/bin/../lib/gcc/avr/5.4.0/../../../../avr/lib/avr5\libm.a(divsf3.o)
 .bss           0x00000000        0x0 c:/program files (x86)/atmel/studio/7.0/toolchain/avr8/avr8-gnu-toolchain/bin/../lib/gcc/avr/5.4.0/../../../../avr/lib/avr5\libm.a(divsf3.o)
 .text          0x00000000        0x0 c:/program files (x86)/atmel/studio/7.0/toolchain/avr8/avr8-gnu-toolchain/bin/../lib/gcc/avr/5.4.0/../../../../avr/lib/avr5\libm.a(divsf3x.o)
 .data          0x00000000        0x0 c:/program files (x86)/atmel/studio/7.0/toolchain/avr8/avr8-gnu-toolchain/bin/../lib/gcc/avr/5.4.0/../../../../avr/lib/avr5\libm.a(divsf3x.o)
 .bss           0x00000000        0x0 c:/program files (x86)/atmel/studio/7.0/toolchain/avr8/avr8-gnu-toolchain/bin/../lib/gcc/avr/5.4.0/../../../../avr/lib/avr5\libm.a(divsf3x.o)
 .text          0x00000000        0x0 c:/program files (x86)/atmel/studio/7.0/toolchain/avr8/avr8-gnu-toolchain/bin/../lib/gcc/avr/5.4.0/../../../../avr/lib/avr5\libm.a(fixunssfsi.o)
 .data          0x00000000        0x0 c:/program files (x86)/atmel/studio/7.0/toolchain/avr8/avr8-gnu-toolchain/bin/../lib/gcc/avr/5.4.0/../../../../avr/lib/avr5\libm.a(fixunssfsi.o)
 .bss           0x00000000        0x0 c:/program files (x86)/atmel/studio/7.0/toolchain/avr8/avr8-gnu-toolchain/bin/../lib/gcc/avr/5.4.0/../../../../avr/lib/avr5\libm.a(fixunssfsi.o)
 .text          0x00000000        0x0 c:/program files (x86)/atmel/studio/7.0/toolchain/avr8/avr8-gnu-toolchain/bin/../lib/gcc/avr/5.4.0/../../../../avr/lib/avr5\libm.a(floatsisf.o)
 .data          0x00000000        0x0 c:/program files (x86)/atmel/studio/7.0/toolchain/avr8/avr8-gnu-toolchain/bin/../lib/gcc/avr/5.4.0/../../../../avr/lib/avr5\libm.a(floatsisf.o)
 .bss           0x00000000        0x0 c:/program files (x86)/atmel/studio/7.0/toolchain/avr8/avr8-gnu-toolchain/bin/../lib/gcc/avr/5.4.0/../../../../avr/lib/avr5\libm.a(floatsisf.o)
 .text          0x00000000        0x0 c:/program files (x86)/atmel/studio/7.0/toolchain/avr8/avr8-gnu-toolchain/bin/../lib/gcc/avr/5.4.0/../../../../avr/lib/avr5\libm.a(fp_inf.o)
 .data          0x00000000        0x0 c:/program files (x86)/atmel/studio/7.0/toolchain/avr8/avr8-gnu-toolchain/bin/../lib/gcc/avr/5.4.0/../../../../avr/lib/avr5\libm.a(fp_inf.o)
 .bss           0x00000000        0x0 c:/program files (x86)/atmel/studio/7.0/toolchain/avr8/avr8-gnu-toolchain/bin/../lib/gcc/avr/5.4.0/../../../../avr/lib/avr5\libm.a(fp_inf.o)
 .text          0x00000000        0x0 c:/program files (x86)/atmel/studio/7.0/toolchain/avr8/avr8-gnu-toolchain/bin/../lib/gcc/avr/5.4.0/../../../../avr/lib/avr5\libm.a(fp_nan.o)
 .data          0x00000000        0x0 c:/program files (x86)/atmel/studio/7.0/toolchain/avr8/avr8-gnu-toolchain/bin/../lib/gcc/avr/5.4.0/../../../../avr/lib/avr5\libm.a(fp_nan.o)
 .bss           0x00000000        0x0 c:/program files (x86)/atmel/studio/7.0/toolchain/avr8/avr8-gnu-toolchain/bin/../lib/gcc/avr/5.4.0/../../../../avr/lib/avr5\libm.a(fp_nan.o)
 .text          0x00000000        0x0 c:/program files (x86)/atmel/studio/7.0/toolchain/avr8/avr8-gnu-toolchain/bin/../lib/gcc/avr/5.4.0/../../../../avr/lib/avr5\libm.a(fp_pscA.o)
 .data          0x00000000        0x0 c:/program files (x86)/atmel/studio/7.0/toolchain/avr8/avr8-gnu-toolchain/bin/../lib/gcc/avr/5.4.0/../../../../avr/lib/avr5\libm.a(fp_pscA.o)
 .bss           0x00000000        0x0 c:/program files (x86)/atmel/studio/7.0/toolchain/avr8/avr8-gnu-toolchain/bin/../lib/gcc/avr/5.4.0/../../../../avr/lib/avr5\libm.a(fp_pscA.o)
 .text          0x00000000        0x0 c:/program files (x86)/atmel/studio/7.0/toolchain/avr8/avr8-gnu-toolchain/bin/../lib/gcc/avr/5.4.0/../../../../avr/lib/avr5\libm.a(fp_pscB.o)
 .data          0x00000000        0x0 c:/program files (x86)/atmel/studio/7.0/toolchain/avr8/avr8-gnu-toolchain/bin/../lib/gcc/avr/5.4.0/../../../../avr/lib/avr5\libm.a(fp_pscB.o)
 .bss           0x00000000        0x0 c:/program files (x86)/atmel/studio/7.0/toolchain/avr8/avr8-gnu-toolchain/bin/../lib/gcc/avr/5.4.0/../../../../avr/lib/avr5\libm.a(fp_pscB.o)
 .text          0x00000000        0x0 c:/program files (x86)/atmel/studio/7.0/toolchain/avr8/avr8-gnu-toolchain/bin/../lib/gcc/avr/5.4.0/../../../../avr/lib/avr5\libm.a(fp_round.o)
 .data          0x00000000        0x0 c:/program files (x86)/atmel/studio/7.0/toolchain/avr8/avr8-gnu-toolchain/bin/../lib/gcc/avr/5.4.0/../../../../avr/lib/avr5\libm.a(fp_round.o)
 .bss           0x00000000        0x0 c:/program files (x86)/atmel/studio/7.0/toolchain/avr8/avr8-gnu-toolchain/bin/../lib/gcc/avr/5.4.0/../../../../avr/lib/avr5\libm.a(fp_round.o)
 .text          0x00000000        0x0 c:/program files (x86)/atmel/studio/7.0/toolchain/avr8/avr8-gnu-toolchain/bin/../lib/gcc/avr/5.4.0/../../../../avr/lib/avr5\libm.a(fp_split3.o)
 .data          0x00000000        0x0 c:/program files (x86)/atmel/studio/7.0/toolchain/avr8/avr8-gnu-toolchain/bin/../lib/gcc/avr/5.4.0/../../../../avr/lib/avr5\libm.a(fp_split3.o)
 .bss           0x00000000        0x0 c:/program files (x86)/atmel/studio/7.0/toolchain/avr8/avr8-gnu-toolchain/bin/../lib/gcc/avr/5.4.0/../../../../avr/lib/avr5\libm.a(fp_split3.o)
 .text          0x00000000        0x0 c:/program files (x86)/atmel/studio/7.0/toolchain/avr8/avr8-gnu-toolchain/bin/../lib/gcc/avr/5.4.0/../../../../avr/lib/avr5\libm.a(fp_zero.o)
 .data          0x00000000        0x0 c:/program files (x86)/atmel/studio/7.0/toolchain/avr8/avr8-gnu-toolchain/bin/../lib/gcc/avr/5.4.0/../../../../avr/lib/avr5\libm.a(fp_zero.o)
 .bss           0x00000000        0x0 c:/program files (x86)/atmel/studio/7.0/toolchain/avr8/avr8-gnu-toolchain/bin/../lib/gcc/avr/5.4.0/../../../../avr/lib/avr5\libm.a(fp_zero.o)
 .text          0x00000000        0x0 c:/program files (x86)/atmel/studio/7.0/toolchain/avr8/avr8-gnu-toolchain/bin/../lib/gcc/avr/5.4.0/../../../../avr/lib/avr5\libm.a(mulsf3.o)
 .data          0x00000000        0x0 c:/program files (x86)/atmel/studio/7.0/toolchain/avr8/avr8-gnu-toolchain/bin/../lib/gcc/avr/5.4.0/../../../../avr/lib/avr5\libm.a(mulsf3.o)
 .bss           0x00000000        0x0 c:/program files (x86)/atmel/studio/7.0/toolchain/avr8/avr8-gnu-toolchain/bin/../lib/gcc/avr/5.4.0/../../../../avr/lib/avr5\libm.a(mulsf3.o)
 .text          0x00000000        0x0 c:/program files (x86)/atmel/studio/7.0/toolchain/avr8/avr8-gnu-toolchain/bin/../lib/gcc/avr/5.4.0/../../../../avr/lib/avr5\libm.a(mulsf3x.o)
 .data          0x00000000        0x0 c:/program files (x86)/atmel/studio/7.0/toolchain/avr8/avr8-gnu-toolchain/bin/../lib/gcc/avr/5.4.0/../../../../avr/lib/avr5\libm.a(mulsf3x.o)
 .bss           0x00000000        0x0 c:/program files (x86)/atmel/studio/7.0/toolchain/avr8/avr8-gnu-toolchain/bin/../lib/gcc/avr/5.4.0/../../../../avr/lib/avr5\libm.a(mulsf3x.o)
 .text          0x00000000        0x0 c:/program files (x86)/atmel/studio/7.0/toolchain/avr8/avr8-gnu-toolchain/bin/../lib/gcc/avr/5.4.0/avr5\libgcc.a(_udivmodqi4.o)
 .data          0x00000000        0x0 c:/program files (x86)/atmel/studio/7.0/toolchain/avr8/avr8-gnu-toolchain/bin/../lib/gcc/avr/5.4.0/avr5\libgcc.a(_udivmodqi4.o)
 .bss           0x00000000        0x0 c:/program files (x86)/atmel/studio/7.0/toolchain/avr8/avr8-gnu-toolchain/bin/../lib/gcc/avr/5.4.0/avr5\libgcc.a(_udivmodqi4.o)
 .text.libgcc.mul
                0x00000000        0x0 c:/program files (x86)/atmel/studio/7.0/toolchain/avr8/avr8-gnu-toolchain/bin/../lib/gcc/avr/5.4.0/avr5\libgcc.a(_udivmodqi4.o)
 .text.libgcc   0x00000000        0x0 c:/program files (x86)/atmel/studio/7.0/toolchain/avr8/avr8-gnu-toolchain/bin/../lib/gcc/avr/5.4.0/avr5\libgcc.a(_udivmodqi4.o)
 .text.libgcc.prologue
                0x00000000        0x0 c:/program files (x86)/atmel/studio/7.0/toolchain/avr8/avr8-gnu-toolchain/bin/../lib/gcc/avr/5.4.0/avr5\libgcc.a(_udivmodqi4.o)
 .text.libgcc.builtins
                0x00000000        0x0 c:/program files (x86)/atmel/studio/7.0/toolchain/avr8/avr8-gnu-toolchain/bin/../lib/gcc/avr/5.4.0/avr5\libgcc.a(_udivmodqi4.o)
 .text.libgcc.fmul
                0x00000000        0x0 c:/program files (x86)/atmel/studio/7.0/toolchain/avr8/avr8-gnu-toolchain/bin/../lib/gcc/avr/5.4.0/avr5\libgcc.a(_udivmodqi4.o)
 .text.libgcc.fixed
                0x00000000        0x0 c:/program files (x86)/atmel/studio/7.0/toolchain/avr8/avr8-gnu-toolchain/bin/../lib/gcc/avr/5.4.0/avr5\libgcc.a(_udivmodqi4.o)
 .text          0x00000000        0x0 c:/program files (x86)/atmel/studio/7.0/toolchain/avr8/avr8-gnu-toolchain/bin/../lib/gcc/avr/5.4.0/avr5\libgcc.a(_udivmodsi4.o)
 .data          0x00000000        0x0 c:/program files (x86)/atmel/studio/7.0/toolchain/avr8/avr8-gnu-toolchain/bin/../lib/gcc/avr/5.4.0/avr5\libgcc.a(_udivmodsi4.o)
 .bss           0x00000000        0x0 c:/program files (x86)/atmel/studio/7.0/toolchain/avr8/avr8-gnu-toolchain/bin/../lib/gcc/avr/5.4.0/avr5\libgcc.a(_udivmodsi4.o)
 .text.libgcc.mul
                0x00000000        0x0 c:/program files (x86)/atmel/studio/7.0/toolchain/avr8/avr8-gnu-toolchain/bin/../lib/gcc/avr/5.4.0/avr5\libgcc.a(_udivmodsi4.o)
 .text.libgcc   0x00000000        0x0 c:/program files (x86)/atmel/studio/7.0/toolchain/avr8/avr8-gnu-toolchain/bin/../lib/gcc/avr/5.4.0/avr5\libgcc.a(_udivmodsi4.o)
 .text.libgcc.prologue
                0x00000000        0x0 c:/program files (x86)/atmel/studio/7.0/toolchain/avr8/avr8-gnu-toolchain/bin/../lib/gcc/avr/5.4.0/avr5\libgcc.a(_udivmodsi4.o)
 .text.libgcc.builtins
                0x00000000        0x0 c:/program files (x86)/atmel/studio/7.0/toolchain/avr8/avr8-gnu-toolchain/bin/../lib/gcc/avr/5.4.0/avr5\libgcc.a(_udivmodsi4.o)
 .text.libgcc.fmul
                0x00000000        0x0 c:/program files (x86)/atmel/studio/7.0/toolchain/avr8/avr8-gnu-toolchain/bin/../lib/gcc/avr/5.4.0/avr5\libgcc.a(_udivmodsi4.o)
 .text.libgcc.fixed
                0x00000000        0x0 c:/program files (x86)/atmel/studio/7.0/toolchain/avr8/avr8-gnu-toolchain/bin/../lib/gcc/avr/5.4.0/avr5\libgcc.a(_udivmodsi4.o)
 .text          0x00000000        0x0 c:/program files (x86)/atmel/studio/7.0/toolchain/avr8/avr8-gnu-toolchain/bin/../lib/gcc/avr/5.4.0/avr5\libgcc.a(_divmodsi4.o)
 .data          0x00000000        0x0 c:/program files (x86)/atmel/studio/7.0/toolchain/avr8/avr8-gnu-toolchain/bin/../lib/gcc/avr/5.4.0/avr5\libgcc.a(_divmodsi4.o)
 .bss           0x00000000        0x0 c:/program files (x86)/atmel/studio/7.0/toolchain/avr8/avr8-gnu-toolchain/bin/../lib/gcc/avr/5.4.0/avr5\libgcc.a(_divmodsi4.o)
 .text.libgcc.mul
                0x00000000        0x0 c:/program files (x86)/atmel/studio/7.0/toolchain/avr8/avr8-gnu-toolchain/bin/../lib/gcc/avr/5.4.0/avr5\libgcc.a(_divmodsi4.o)
 .text.libgcc   0x00000000        0x0 c:/program files (x86)/atmel/studio/7.0/toolchain/avr8/avr8-gnu-toolchain/bin/../lib/gcc/avr/5.4.0/avr5\libgcc.a(_divmodsi4.o)
 .text.libgcc.prologue
                0x00000000        0x0 c:/program files (x86)/atmel/studio/7.0/toolchain/avr8/avr8-gnu-toolchain/bin/../lib/gcc/avr/5.4.0/avr5\libgcc.a(_divmodsi4.o)
 .text.libgcc.builtins
                0x00000000        0x0 c:/program files (x86)/atmel/studio/7.0/toolchain/avr8/avr8-gnu-toolchain/bin/../lib/gcc/avr/5.4.0/avr5\libgcc.a(_divmodsi4.o)
 .text.libgcc.fmul
                0x00000000        0x0 c:/program files (x86)/atmel/studio/7.0/toolchain/avr8/avr8-gnu-toolchain/bin/../lib/gcc/avr/5.4.0/avr5\libgcc.a(_divmodsi4.o)
 .text.libgcc.fixed
                0x00000000        0x0 c:/program files (x86)/atmel/studio/7.0/toolchain/avr8/avr8-gnu-toolchain/bin/../lib/gcc/avr/5.4.0/avr5\libgcc.a(_divmodsi4.o)
 .text          0x00000000        0x0 c:/program files (x86)/atmel/studio/7.0/toolchain/avr8/avr8-gnu-toolchain/bin/../lib/gcc/avr/5.4.0/avr5\libgcc.a(_negsi2.o)
 .data          0x00000000        0x0 c:/program files (x86)/atmel/studio/7.0/toolchain/avr8/avr8-gnu-toolchain/bin/../lib/gcc/avr/5.4.0/avr5\libgcc.a(_negsi2.o)
 .bss           0x00000000        0x0 c:/program files (x86)/atmel/studio/7.0/toolchain/avr8/avr8-gnu-toolchain/bin/../lib/gcc/avr/5.4.0/avr5\libgcc.a(_negsi2.o)
 .text.libgcc.mul
                0x00000000        0x0 c:/program files (x86)/atmel/studio/7.0/toolchain/avr8/avr8-gnu-toolchain/bin/../lib/gcc/avr/5.4.0/avr5\libgcc.a(_negsi2.o)
 .text.libgcc   0x00000000        0x0 c:/program files (x86)/atmel/studio/7.0/toolchain/avr8/avr8-gnu-toolchain/bin/../lib/gcc/avr/5.4.0/avr5\libgcc.a(_negsi2.o)
 .text.libgcc.prologue
                0x00000000        0x0 c:/program files (x86)/atmel/studio/7.0/toolchain/avr8/avr8-gnu-toolchain/bin/../lib/gcc/avr/5.4.0/avr5\libgcc.a(_negsi2.o)
 .text.libgcc.builtins
                0x00000000        0x0 c:/program files (x86)/atmel/studio/7.0/toolchain/avr8/avr8-gnu-toolchain/bin/../lib/gcc/avr/5.4.0/avr5\libgcc.a(_negsi2.o)
 .text.libgcc.fmul
                0x00000000        0x0 c:/program files (x86)/atmel/studio/7.0/toolchain/avr8/avr8-gnu-toolchain/bin/../lib/gcc/avr/5.4.0/avr5\libgcc.a(_negsi2.o)
 .text.libgcc.fixed
                0x00000000        0x0 c:/program files (x86)/atmel/studio/7.0/toolchain/avr8/avr8-gnu-toolchain/bin/../lib/gcc/avr/5.4.0/avr5\libgcc.a(_negsi2.o)
 .text          0x00000000        0x0 c:/program files (x86)/atmel/studio/7.0/toolchain/avr8/avr8-gnu-toolchain/bin/../lib/gcc/avr/5.4.0/avr5\libgcc.a(_exit.o)
 .data          0x00000000        0x0 c:/program files (x86)/atmel/studio/7.0/toolchain/avr8/avr8-gnu-toolchain/bin/../lib/gcc/avr/5.4.0/avr5\libgcc.a(_exit.o)
 .bss           0x00000000        0x0 c:/program files (x86)/atmel/studio/7.0/toolchain/avr8/avr8-gnu-toolchain/bin/../lib/gcc/avr/5.4.0/avr5\libgcc.a(_exit.o)
 .text.libgcc.mul
                0x00000000        0x0 c:/program files (x86)/atmel/studio/7.0/toolchain/avr8/avr8-gnu-toolchain/bin/../lib/gcc/avr/5.4.0/avr5\libgcc.a(_exit.o)
 .text.libgcc.div
                0x00000000        0x0 c:/program files (x86)/atmel/studio/7.0/toolchain/avr8/avr8-gnu-toolchain/bin/../lib/gcc/avr/5.4.0/avr5\libgcc.a(_exit.o)
 .text.libgcc   0x00000000        0x0 c:/program files (x86)/atmel/studio/7.0/toolchain/avr8/avr8-gnu-toolchain/bin/../lib/gcc/avr/5.4.0/avr5\libgcc.a(_exit.o)
 .text.libgcc.prologue
                0x00000000        0x0 c:/program files (x86)/atmel/studio/7.0/toolchain/avr8/avr8-gnu-toolchain/bin/../lib/gcc/avr/5.4.0/avr5\libgcc.a(_exit.o)
 .text.libgcc.builtins
                0x00000000        0x0 c:/program files (x86)/atmel/studio/7.0/toolchain/avr8/avr8-gnu-toolchain/bin/../lib/gcc/avr/5.4.0/avr5\libgcc.a(_exit.o)
 .text.libgcc.fmul
                0x00000000        0x0 c:/program files (x86)/atmel/studio/7.0/toolchain/avr8/avr8-gnu-toolchain/bin/../lib/gcc/avr/5.4.0/avr5\libgcc.a(_exit.o)
 .text.libgcc.fixed
                0x00000000        0x0 c:/program files (x86)/atmel/studio/7.0/toolchain/avr8/avr8-gnu-toolchain/bin/../lib/gcc/avr/5.4.0/avr5\libgcc.a(_exit.o)
 .text          0x00000000        0x0 c:/program files (x86)/atmel/studio/7.0/toolchain/avr8/avr8-gnu-toolchain/bin/../lib/gcc/avr/5.4.0/avr5\libgcc.a(_copy_data.o)
 .data          0x00000000        0x0 c:/program files (x86)/atmel/studio/7.0/toolchain/avr8/avr8-gnu-toolchain/bin/../lib/gcc/avr/5.4.0/avr5\libgcc.a(_copy_data.o)
 .bss           0x00000000        0x0 c:/program files (x86)/atmel/studio/7.0/toolchain/avr8/avr8-gnu-toolchain/bin/../lib/gcc/avr/5.4.0/avr5\libgcc.a(_copy_data.o)
 .text.libgcc.mul
                0x00000000        0x0 c:/program files (x86)/atmel/studio/7.0/toolchain/avr8/avr8-gnu-toolchain/bin/../lib/gcc/avr/5.4.0/avr5\libgcc.a(_copy_data.o)
 .text.libgcc.div
                0x00000000        0x0 c:/program files (x86)/atmel/studio/7.0/toolchain/avr8/avr8-gnu-toolchain/bin/../lib/gcc/avr/5.4.0/avr5\libgcc.a(_copy_data.o)
 .text.libgcc   0x00000000        0x0 c:/program files (x86)/atmel/studio/7.0/toolchain/avr8/avr8-gnu-toolchain/bin/../lib/gcc/avr/5.4.0/avr5\libgcc.a(_copy_data.o)
 .text.libgcc.prologue
                0x00000000        0x0 c:/program files (x86)/atmel/studio/7.0/toolchain/avr8/avr8-gnu-toolchain/bin/../lib/gcc/avr/5.4.0/avr5\libgcc.a(_copy_data.o)
 .text.libgcc.builtins
                0x00000000        0x0 c:/program files (x86)/atmel/studio/7.0/toolchain/avr8/avr8-gnu-toolchain/bin/../lib/gcc/avr/5.4.0/avr5\libgcc.a(_copy_data.o)
 .text.libgcc.fmul
                0x00000000        0x0 c:/program files (x86)/atmel/studio/7.0/toolchain/avr8/avr8-gnu-toolchain/bin/../lib/gcc/avr/5.4.0/avr5\libgcc.a(_copy_data.o)
 .text.libgcc.fixed
                0x00000000        0x0 c:/program files (x86)/atmel/studio/7.0/toolchain/avr8/avr8-gnu-toolchain/bin/../lib/gcc/avr/5.4.0/avr5\libgcc.a(_copy_data.o)
 .text          0x00000000        0x0 c:/program files (x86)/atmel/studio/7.0/toolchain/avr8/avr8-gnu-toolchain/bin/../lib/gcc/avr/5.4.0/avr5\libgcc.a(_clear_bss.o)
 .data          0x00000000        0x0 c:/program files (x86)/atmel/studio/7.0/toolchain/avr8/avr8-gnu-toolchain/bin/../lib/gcc/avr/5.4.0/avr5\libgcc.a(_clear_bss.o)
 .bss           0x00000000        0x0 c:/program files (x86)/atmel/studio/7.0/toolchain/avr8/avr8-gnu-toolchain/bin/../lib/gcc/avr/5.4.0/avr5\libgcc.a(_clear_bss.o)
 .text.libgcc.mul
                0x00000000        0x0 c:/program files (x86)/atmel/studio/7.0/toolchain/avr8/avr8-gnu-toolchain/bin/../lib/gcc/avr/5.4.0/avr5\libgcc.a(_clear_bss.o)
 .text.libgcc.div
                0x00000000        0x0 c:/program files (x86)/atmel/studio/7.0/toolchain/avr8/avr8-gnu-toolchain/bin/../lib/gcc/avr/5.4.0/avr5\libgcc.a(_clear_bss.o)
 .text.libgcc   0x00000000        0x0 c:/program files (x86)/atmel/studio/7.0/toolchain/avr8/avr8-gnu-toolchain/bin/../lib/gcc/avr/5.4.0/avr5\libgcc.a(_clear_bss.o)
 .text.libgcc.prologue
                0x00000000        0x0 c:/program files (x86)/atmel/studio/7.0/toolchain/avr8/avr8-gnu-toolchain/bin/../lib/gcc/avr/5.4.0/avr5\libgcc.a(_clear_bss.o)
 .text.libgcc.builtins
                0x00000000        0x0 c:/program files (x86)/atmel/studio/7.0/toolchain/avr8/avr8-gnu-toolchain/bin/../lib/gcc/avr/5.4.0/avr5\libgcc.a(_clear_bss.o)
 .text.libgcc.fmul
                0x00000000        0x0 c:/program files (x86)/atmel/studio/7.0/toolchain/avr8/avr8-gnu-toolchain/bin/../lib/gcc/avr/5.4.0/avr5\libgcc.a(_clear_bss.o)
 .text.libgcc.fixed
                0x00000000        0x0 c:/program files (x86)/atmel/studio/7.0/toolchain/avr8/avr8-gnu-toolchain/bin/../lib/gcc/avr/5.4.0/avr5\libgcc.a(_clear_bss.o)
 .text          0x00000000        0x0 c:/program files (x86)/atmel/studio/7.0/toolchain/avr8/avr8-gnu-toolchain/bin/../lib/gcc/avr/5.4.0/avr5\libgcc.a(_umulhisi3.o)
 .data          0x00000000        0x0 c:/program files (x86)/atmel/studio/7.0/toolchain/avr8/avr8-gnu-toolchain/bin/../lib/gcc/avr/5.4.0/avr5\libgcc.a(_umulhisi3.o)
 .bss           0x00000000        0x0 c:/program files (x86)/atmel/studio/7.0/toolchain/avr8/avr8-gnu-toolchain/bin/../lib/gcc/avr/5.4.0/avr5\libgcc.a(_umulhisi3.o)
 .text.libgcc.div
                0x00000000        0x0 c:/program files (x86)/atmel/studio/7.0/toolchain/avr8/avr8-gnu-toolchain/bin/../lib/gcc/avr/5.4.0/avr5\libgcc.a(_umulhisi3.o)
 .text.libgcc   0x00000000        0x0 c:/program files (x86)/atmel/studio/7.0/toolchain/avr8/avr8-gnu-toolchain/bin/../lib/gcc/avr/5.4.0/avr5\libgcc.a(_umulhisi3.o)
 .text.libgcc.prologue
                0x00000000        0x0 c:/program files (x86)/atmel/studio/7.0/toolchain/avr8/avr8-gnu-toolchain/bin/../lib/gcc/avr/5.4.0/avr5\libgcc.a(_umulhisi3.o)
 .text.libgcc.builtins
                0x00000000        0x0 c:/program files (x86)/atmel/studio/7.0/toolchain/avr8/avr8-gnu-toolchain/bin/../lib/gcc/avr/5.4.0/avr5\libgcc.a(_umulhisi3.o)
 .text.libgcc.fmul
                0x00000000        0x0 c:/program files (x86)/atmel/studio/7.0/toolchain/avr8/avr8-gnu-toolchain/bin/../lib/gcc/avr/5.4.0/avr5\libgcc.a(_umulhisi3.o)
 .text.libgcc.fixed
                0x00000000        0x0 c:/program files (x86)/atmel/studio/7.0/toolchain/avr8/avr8-gnu-toolchain/bin/../lib/gcc/avr/5.4.0/avr5\libgcc.a(_umulhisi3.o)
 .text          0x00000000        0x0 c:/program files (x86)/atmel/studio/7.0/toolchain/avr8/avr8-gnu-toolchain/bin/../lib/gcc/avr/5.4.0/../../../../avr/lib/avr5\libc.a(fgetc.o)
 .data          0x00000000        0x0 c:/program files (x86)/atmel/studio/7.0/toolchain/avr8/avr8-gnu-toolchain/bin/../lib/gcc/avr/5.4.0/../../../../avr/lib/avr5\libc.a(fgetc.o)
 .bss           0x00000000        0x0 c:/program files (x86)/atmel/studio/7.0/toolchain/avr8/avr8-gnu-toolchain/bin/../lib/gcc/avr/5.4.0/../../../../avr/lib/avr5\libc.a(fgetc.o)
 .text          0x00000000        0x0 c:/program files (x86)/atmel/studio/7.0/toolchain/avr8/avr8-gnu-toolchain/bin/../lib/gcc/avr/5.4.0/../../../../avr/lib/avr5\libc.a(iob.o)
 .data          0x00000000        0x0 c:/program files (x86)/atmel/studio/7.0/toolchain/avr8/avr8-gnu-toolchain/bin/../lib/gcc/avr/5.4.0/../../../../avr/lib/avr5\libc.a(iob.o)
 .bss           0x00000000        0x0 c:/program files (x86)/atmel/studio/7.0/toolchain/avr8/avr8-gnu-toolchain/bin/../lib/gcc/avr/5.4.0/../../../../avr/lib/avr5\libc.a(iob.o)
 .text          0x00000000        0x0 c:/program files (x86)/atmel/studio/7.0/toolchain/avr8/avr8-gnu-toolchain/bin/../lib/gcc/avr/5.4.0/../../../../avr/lib/avr5\libc.a(printf.o)
 .data          0x00000000        0x0 c:/program files (x86)/atmel/studio/7.0/toolchain/avr8/avr8-gnu-toolchain/bin/../lib/gcc/avr/5.4.0/../../../../avr/lib/avr5\libc.a(printf.o)
 .bss           0x00000000        0x0 c:/program files (x86)/atmel/studio/7.0/toolchain/avr8/avr8-gnu-toolchain/bin/../lib/gcc/avr/5.4.0/../../../../avr/lib/avr5\libc.a(printf.o)
 .text          0x00000000        0x0 c:/program files (x86)/atmel/studio/7.0/toolchain/avr8/avr8-gnu-toolchain/bin/../lib/gcc/avr/5.4.0/../../../../avr/lib/avr5\libc.a(printf_p.o)
 .data          0x00000000        0x0 c:/program files (x86)/atmel/studio/7.0/toolchain/avr8/avr8-gnu-toolchain/bin/../lib/gcc/avr/5.4.0/../../../../avr/lib/avr5\libc.a(printf_p.o)
 .bss           0x00000000        0x0 c:/program files (x86)/atmel/studio/7.0/toolchain/avr8/avr8-gnu-toolchain/bin/../lib/gcc/avr/5.4.0/../../../../avr/lib/avr5\libc.a(printf_p.o)
 .text          0x00000000        0x0 c:/program files (x86)/atmel/studio/7.0/toolchain/avr8/avr8-gnu-toolchain/bin/../lib/gcc/avr/5.4.0/../../../../avr/lib/avr5\libc.a(vfprintf_std.o)
 .data          0x00000000        0x0 c:/program files (x86)/atmel/studio/7.0/toolchain/avr8/avr8-gnu-toolchain/bin/../lib/gcc/avr/5.4.0/../../../../avr/lib/avr5\libc.a(vfprintf_std.o)
 .bss           0x00000000        0x0 c:/program files (x86)/atmel/studio/7.0/toolchain/avr8/avr8-gnu-toolchain/bin/../lib/gcc/avr/5.4.0/../../../../avr/lib/avr5\libc.a(vfprintf_std.o)
 .text          0x00000000        0x0 c:/program files (x86)/atmel/studio/7.0/toolchain/avr8/avr8-gnu-toolchain/bin/../lib/gcc/avr/5.4.0/../../../../avr/lib/avr5\libc.a(strnlen_P.o)
 .data          0x00000000        0x0 c:/program files (x86)/atmel/studio/7.0/toolchain/avr8/avr8-gnu-toolchain/bin/../lib/gcc/avr/5.4.0/../../../../avr/lib/avr5\libc.a(strnlen_P.o)
 .bss           0x00000000        0x0 c:/program files (x86)/atmel/studio/7.0/toolchain/avr8/avr8-gnu-toolchain/bin/../lib/gcc/avr/5.4.0/../../../../avr/lib/avr5\libc.a(strnlen_P.o)
 .text          0x00000000        0x0 c:/program files (x86)/atmel/studio/7.0/toolchain/avr8/avr8-gnu-toolchain/bin/../lib/gcc/avr/5.4.0/../../../../avr/lib/avr5\libc.a(strnlen.o)
 .data          0x00000000        0x0 c:/program files (x86)/atmel/studio/7.0/toolchain/avr8/avr8-gnu-toolchain/bin/../lib/gcc/avr/5.4.0/../../../../avr/lib/avr5\libc.a(strnlen.o)
 .bss           0x00000000        0x0 c:/program files (x86)/atmel/studio/7.0/toolchain/avr8/avr8-gnu-toolchain/bin/../lib/gcc/avr/5.4.0/../../../../avr/lib/avr5\libc.a(strnlen.o)
 .text          0x00000000        0x0 c:/program files (x86)/atmel/studio/7.0/toolchain/avr8/avr8-gnu-toolchain/bin/../lib/gcc/avr/5.4.0/../../../../avr/lib/avr5\libc.a(fputc.o)
 .data          0x00000000        0x0 c:/program files (x86)/atmel/studio/7.0/toolchain/avr8/avr8-gnu-toolchain/bin/../lib/gcc/avr/5.4.0/../../../../avr/lib/avr5\libc.a(fputc.o)
 .bss           0x00000000        0x0 c:/program files (x86)/atmel/studio/7.0/toolchain/avr8/avr8-gnu-toolchain/bin/../lib/gcc/avr/5.4.0/../../../../avr/lib/avr5\libc.a(fputc.o)
 .text          0x00000000        0x0 c:/program files (x86)/atmel/studio/7.0/toolchain/avr8/avr8-gnu-toolchain/bin/../lib/gcc/avr/5.4.0/../../../../avr/lib/avr5\libc.a(ultoa_invert.o)
 .data          0x00000000        0x0 c:/program files (x86)/atmel/studio/7.0/toolchain/avr8/avr8-gnu-toolchain/bin/../lib/gcc/avr/5.4.0/../../../../avr/lib/avr5\libc.a(ultoa_invert.o)
 .bss           0x00000000        0x0 c:/program files (x86)/atmel/studio/7.0/toolchain/avr8/avr8-gnu-toolchain/bin/../lib/gcc/avr/5.4.0/../../../../avr/lib/avr5\libc.a(ultoa_invert.o)
 .text          0x00000000        0x0 c:/program files (x86)/atmel/studio/7.0/toolchain/avr8/avr8-gnu-toolchain/bin/../lib/gcc/avr/5.4.0/avr5\libgcc.a(_prologue.o)
 .data          0x00000000        0x0 c:/program files (x86)/atmel/studio/7.0/toolchain/avr8/avr8-gnu-toolchain/bin/../lib/gcc/avr/5.4.0/avr5\libgcc.a(_prologue.o)
 .bss           0x00000000        0x0 c:/program files (x86)/atmel/studio/7.0/toolchain/avr8/avr8-gnu-toolchain/bin/../lib/gcc/avr/5.4.0/avr5\libgcc.a(_prologue.o)
 .text.libgcc.mul
                0x00000000        0x0 c:/program files (x86)/atmel/studio/7.0/toolchain/avr8/avr8-gnu-toolchain/bin/../lib/gcc/avr/5.4.0/avr5\libgcc.a(_prologue.o)
 .text.libgcc.div
                0x00000000        0x0 c:/program files (x86)/atmel/studio/7.0/toolchain/avr8/avr8-gnu-toolchain/bin/../lib/gcc/avr/5.4.0/avr5\libgcc.a(_prologue.o)
 .text.libgcc   0x00000000        0x0 c:/program files (x86)/atmel/studio/7.0/toolchain/avr8/avr8-gnu-toolchain/bin/../lib/gcc/avr/5.4.0/avr5\libgcc.a(_prologue.o)
 .text.libgcc.builtins
                0x00000000        0x0 c:/program files (x86)/atmel/studio/7.0/toolchain/avr8/avr8-gnu-toolchain/bin/../lib/gcc/avr/5.4.0/avr5\libgcc.a(_prologue.o)
 .text.libgcc.fmul
                0x00000000        0x0 c:/program files (x86)/atmel/studio/7.0/toolchain/avr8/avr8-gnu-toolchain/bin/../lib/gcc/avr/5.4.0/avr5\libgcc.a(_prologue.o)
 .text.libgcc.fixed
                0x00000000        0x0 c:/program files (x86)/atmel/studio/7.0/toolchain/avr8/avr8-gnu-toolchain/bin/../lib/gcc/avr/5.4.0/avr5\libgcc.a(_prologue.o)
 .text          0x00000000        0x0 c:/program files (x86)/atmel/studio/7.0/toolchain/avr8/avr8-gnu-toolchain/bin/../lib/gcc/avr/5.4.0/avr5\libgcc.a(_epilogue.o)
 .data          0x00000000        0x0 c:/program files (x86)/atmel/studio/7.0/toolchain/avr8/avr8-gnu-toolchain/bin/../lib/gcc/avr/5.4.0/avr5\libgcc.a(_epilogue.o)
 .bss           0x00000000        0x0 c:/program files (x86)/atmel/studio/7.0/toolchain/avr8/avr8-gnu-toolchain/bin/../lib/gcc/avr/5.4.0/avr5\libgcc.a(_epilogue.o)
 .text.libgcc.mul
                0x00000000        0x0 c:/program files (x86)/atmel/studio/7.0/toolchain/avr8/avr8-gnu-toolchain/bin/../lib/gcc/avr/5.4.0/avr5\libgcc.a(_epilogue.o)
 .text.libgcc.div
                0x00000000        0x0 c:/program files (x86)/atmel/studio/7.0/toolchain/avr8/avr8-gnu-toolchain/bin/../lib/gcc/avr/5.4.0/avr5\libgcc.a(_epilogue.o)
 .text.libgcc   0x00000000        0x0 c:/program files (x86)/atmel/studio/7.0/toolchain/avr8/avr8-gnu-toolchain/bin/../lib/gcc/avr/5.4.0/avr5\libgcc.a(_epilogue.o)
 .text.libgcc.builtins
                0x00000000        0x0 c:/program files (x86)/atmel/studio/7.0/toolchain/avr8/avr8-gnu-toolchain/bin/../lib/gcc/avr/5.4.0/avr5\libgcc.a(_epilogue.o)
 .text.libgcc.fmul
                0x00000000        0x0 c:/program files (x86)/atmel/studio/7.0/toolchain/avr8/avr8-gnu-toolchain/bin/../lib/gcc/avr/5.4.0/avr5\libgcc.a(_epilogue.o)
 .text.libgcc.fixed
                0x00000000        0x0 c:/program files (x86)/atmel/studio/7.0/toolchain/avr8/avr8-gnu-toolchain/bin/../lib/gcc/avr/5.4.0/avr5\libgcc.a(_epilogue.o)

Memory Configuration

Name             Origin             Length             Attributes
text             0x00000000         0x00008000         xr
data             0x00800100         0x00000800         rw !x
eeprom           0x00810000         0x00000400         rw !x
fuse             0x00820000         0x00000003         rw !x
lock             0x00830000         0x00000400         rw !x
signature        0x00840000         0x00000400         rw !x
user_signatures  0x00850000         0x00000400         rw !x
*default*        0x00000000         0xffffffff

Linker script and memory map

Address of section .data set to 0x800100
LOAD C:/Program Files (x86)/Atmel/Studio/7.0/Packs/atmel/ATmega_DFP/1.7.374/gcc/dev/atmega324a/avr5/crtatmega324a.o
LOAD animator.o
LOAD buttons.o
LOAD buzzer.o
LOAD dice.o
LOAD display.o
LOAD game.o
LOAD gameboard.o
LOAD joystick.o
LOAD ledmatrix.o
LOAD prand_number_gen.o
LOAD project.o
LOAD serialio.o
LOAD seven_seg.o
LOAD spi.o
LOAD terminalio.o
LOAD timer0.o
START GROUP
LOAD c:/program files (x86)/atmel/studio/7.0/toolchain/avr8/avr8-gnu-toolchain/bin/../lib/gcc/avr/5.4.0/../../../../avr/lib/avr5\libm.a
END GROUP
START GROUP
LOAD c:/program files (x86)/atmel/studio/7.0/toolchain/avr8/avr8-gnu-toolchain/bin/../lib/gcc/avr/5.4.0/avr5\libgcc.a
LOAD c:/program files (x86)/atmel/studio/7.0/toolchain/avr8/avr8-gnu-toolchain/bin/../lib/gcc/avr/5.4.0/../../../../avr/lib/avr5\libm.a
LOAD c:/program files (x86)/atmel/studio/7.0/toolchain/avr8/avr8-gnu-toolchain/bin/../lib/gcc/avr/5.4.0/../../../../avr/lib/avr5\libc.a
LOAD C:/Program Files (x86)/Atmel/Studio/7.0/Packs/atmel/ATmega_DFP/1.7.374/gcc/dev/atmega324a/avr5\libatmega324a.a
END GROUP
                [0x00000000]                __TEXT_REGION_ORIGIN__ = DEFINED (__TEXT_REGION_ORIGIN__)?__TEXT_REGION_ORIGIN__:0x0
                [0x00800100]                __DATA_REGION_ORIGIN__ = DEFINED (__DATA_REGION_ORIGIN__)?__DATA_REGION_ORIGIN__:0x800060
                [0x00008000]                __TEXT_REGION_LENGTH__ = DEFINED (__TEXT_REGION_LENGTH__)?__TEXT_REGION_LENGTH__:0x20000
                [0x00000800]                __DATA_REGION_LENGTH__ = DEFINED (__DATA_REGION_LENGTH__)?__DATA_REGION_LENGTH__:0xffa0
                [0x00000400]                __EEPROM_REGION_LENGTH__ = DEFINED (__EEPROM_REGION_LENGTH__)?__EEPROM_REGION_LENGTH__:0x10000
                [0x00000003]                __FUSE_REGION_LENGTH__ = DEFINED (__FUSE_REGION_LENGTH__)?__FUSE_REGION_LENGTH__:0x400
                0x00000400                __LOCK_REGION_LENGTH__ = DEFINED (__LOCK_REGION_LENGTH__)?__LOCK_REGION_LENGTH__:0x400
                0x00000400                __SIGNATURE_REGION_LENGTH__ = DEFINED (__SIGNATURE_REGION_LENGTH__)?__SIGNATURE_REGION_LENGTH__:0x400
                0x00000400                __USER_SIGNATURE_REGION_LENGTH__ = DEFINED (__USER_SIGNATURE_REGION_LENGTH__)?__USER_SIGNATURE_REGION_LENGTH__:0x400

.hash
 *(.hash)

.dynsym
 *(.dynsym)

.dynstr
 *(.dynstr)

.gnu.version
 *(.gnu.version)

.gnu.version_d
 *(.gnu.version_d)

.gnu.version_r
 *(.gnu.version_r)

.rel.init
 *(.rel.init)

.rela.init
 *(.rela.init)

.rel.text
 *(.rel.text)
 *(.rel.text.*)
 *(.rel.gnu.linkonce.t*)

.rela.text
 *(.rela.text)
 *(.rela.text.*)
 *(.rela.gnu.linkonce.t*)

.rel.fini
 *(.rel.fini)

.rela.fini
 *(.rela.fini)

.rel.rodata
 *(.rel.rodata)
 *(.rel.rodata.*)
 *(.rel.gnu.linkonce.r*)

.rela.rodata
 *(.rela.rodata)
 *(.rela.rodata.*)
 *(.rela.gnu.linkonce.r*)

.rel.data
 *(.rel.data)
 *(.rel.data.*)
 *(.rel.gnu.linkonce.d*)

.rela.data
 *(.rela.data)
 *(.rela.data.*)
 *(.rela.gnu.linkonce.d*)

.rel.ctors
 *(.rel.ctors)

.rela.ctors
 *(.rela.ctors)

.rel.dtors
 *(.rel.dtors)

.rela.dtors
 *(.rela.dtors)

.rel.got
 *(.rel.got)

.rela.got
 *(.rela.got)

.rel.bss
 *(.rel.bss)

.rela.bss
 *(.rela.bss)

.rel.plt
 *(.rel.plt)

.rela.plt
 *(.rela.plt)

.text           0x00000000     0x34e0
 *(.vectors)
 .vectors       0x00000000       0x7c C:/Program Files (x86)/Atmel/Studio/7.0/Packs/atmel/ATmega_DFP/1.7.374/gcc/dev/atmega324a/avr5/crtatmega324a.o
                0x00000000                __vector_default
                0x00000000                __vectors
 *(.vectors)
 *(.progmem.gcc*)
                0x0000007c                . = ALIGN (0x2)
                0x0000007c                __trampolines_start = .
 *(.trampolines)
 .trampolines   0x0000007c        0x0 linker stubs
 *(.trampolines*)
                0x0000007c                __trampolines_end = .
 *libprintf_flt.a:*(.progmem.data)
 *libc.a:*(.progmem.data)
 *(.progmem*)
 .progmem.data.__c.2099
                0x0000007c        0xe dice.o
 .progmem.data.__c.2097
                0x0000008a        0xe dice.o
 .progmem.data.__c.2608
                0x00000098        0xc project.o
 .progmem.data.__c.2604
                0x000000a4        0xb project.o
 .progmem.data.__c.2585
                0x000000af       0x18 project.o
 .progmem.data.__c.2583
                0x000000c7       0x29 project.o
 .progmem.data.__c.2578
                0x000000f0        0xa project.o
 .progmem.data.__c.2573
                0x000000fa       0x18 project.o
 .progmem.data.__c.2571
                0x00000112       0x1d project.o
 .progmem.data.__c.2569
                0x0000012f       0x27 project.o
 .progmem.data.__c.2567
                0x00000156        0xe project.o
 .progmem.data.__c.2565
                0x00000164        0xb project.o
 .progmem.data.__c.2563
                0x0000016f       0x11 project.o
 .progmem.data.__c.2558
                0x00000180       0x14 project.o
 .progmem.data.__c.2556
                0x00000194       0x15 project.o
 .progmem.data.__c.2551
                0x000001a9       0x18 project.o
 .progmem.data.__c.2549
                0x000001c1       0x2f project.o
 .progmem.data.__c.2547
                0x000001f0       0x2a project.o
 .progmem.data.__c.2545
                0x0000021a       0x1a project.o
 .progmem.data.__c.2543
                0x00000234       0x27 project.o
 .progmem.data.__c.2541
                0x0000025b        0x9 project.o
 .progmem.data.__c.2461
                0x00000264       0x2c project.o
 .progmem.data.__c.2459
                0x00000290       0x13 project.o
 .progmem.data.__c.2054
                0x000002a3        0x7 terminalio.o
 .progmem.data.__c.2045
                0x000002aa        0x4 terminalio.o
 .progmem.data.__c.2040
                0x000002ae        0x5 terminalio.o
 .progmem.data.__c.2025
                0x000002b3        0x9 terminalio.o
                0x000002bc                . = ALIGN (0x2)
 *(.jumptables)
 *(.jumptables*)
 *(.lowtext)
 *(.lowtext*)
                0x000002bc                __ctors_start = .
 *(.ctors)
                0x000002bc                __ctors_end = .
                0x000002bc                __dtors_start = .
 *(.dtors)
                0x000002bc                __dtors_end = .
 SORT(*)(.ctors)
 SORT(*)(.dtors)
 *(.init0)
 .init0         0x000002bc        0x0 C:/Program Files (x86)/Atmel/Studio/7.0/Packs/atmel/ATmega_DFP/1.7.374/gcc/dev/atmega324a/avr5/crtatmega324a.o
                0x000002bc                __init
 *(.init0)
 *(.init1)
 *(.init1)
 *(.init2)
 .init2         0x000002bc        0xc C:/Program Files (x86)/Atmel/Studio/7.0/Packs/atmel/ATmega_DFP/1.7.374/gcc/dev/atmega324a/avr5/crtatmega324a.o
 *(.init2)
 *(.init3)
 *(.init3)
 *(.init4)
 .init4         0x000002c8       0x16 c:/program files (x86)/atmel/studio/7.0/toolchain/avr8/avr8-gnu-toolchain/bin/../lib/gcc/avr/5.4.0/avr5\libgcc.a(_copy_data.o)
                0x000002c8                __do_copy_data
 .init4         0x000002de       0x10 c:/program files (x86)/atmel/studio/7.0/toolchain/avr8/avr8-gnu-toolchain/bin/../lib/gcc/avr/5.4.0/avr5\libgcc.a(_clear_bss.o)
                0x000002de                __do_clear_bss
 *(.init4)
 *(.init5)
 *(.init5)
 *(.init6)
 *(.init6)
 *(.init7)
 *(.init7)
 *(.init8)
 *(.init8)
 *(.init9)
 .init9         0x000002ee        0x8 C:/Program Files (x86)/Atmel/Studio/7.0/Packs/atmel/ATmega_DFP/1.7.374/gcc/dev/atmega324a/avr5/crtatmega324a.o
 *(.init9)
 *(.text)
 .text          0x000002f6        0x4 C:/Program Files (x86)/Atmel/Studio/7.0/Packs/atmel/ATmega_DFP/1.7.374/gcc/dev/atmega324a/avr5/crtatmega324a.o
                0x000002f6                __vector_22
                0x000002f6                __vector_28
                0x000002f6                __vector_1
                0x000002f6                __vector_24
                0x000002f6                __vector_12
                0x000002f6                __bad_interrupt
                0x000002f6                __vector_6
                0x000002f6                __vector_3
                0x000002f6                __vector_23
                0x000002f6                __vector_30
                0x000002f6                __vector_25
                0x000002f6                __vector_11
                0x000002f6                __vector_13
                0x000002f6                __vector_17
                0x000002f6                __vector_19
                0x000002f6                __vector_7
                0x000002f6                __vector_27
                0x000002f6                __vector_4
                0x000002f6                __vector_9
                0x000002f6                __vector_2
                0x000002f6                __vector_15
                0x000002f6                __vector_29
                0x000002f6                __vector_8
                0x000002f6                __vector_26
                0x000002f6                __vector_14
                0x000002f6                __vector_10
                0x000002f6                __vector_18
                0x000002fa                . = ALIGN (0x2)
 *(.text.*)
 .text.set_scroll_anim
                0x000002fa       0x40 animator.o
                0x000002fa                set_scroll_anim
 .text.scroll_anim
                0x0000033a       0xca animator.o
                0x0000033a                scroll_anim
 .text.set_move_anim
                0x00000404       0x1a animator.o
                0x00000404                set_move_anim
 .text.play_animations
                0x0000041e       0x9e animator.o
                0x0000041e                play_animations
 .text.pause_animations
                0x000004bc        0x6 animator.o
                0x000004bc                pause_animations
 .text.play_game_over_anim
                0x000004c2       0x18 animator.o
                0x000004c2                play_game_over_anim
 .text.stop_animations
                0x000004da        0x6 animator.o
                0x000004da                stop_animations
 .text.init_button_interrupts
                0x000004e0       0x20 buttons.o
                0x000004e0                init_button_interrupts
 .text.button_pushed
                0x00000500       0x50 buttons.o
                0x00000500                button_pushed
 .text.__vector_5
                0x00000550       0x8c buttons.o
                0x00000550                __vector_5
 .text.init_buzzer
                0x000005dc       0x20 buzzer.o
                0x000005dc                init_buzzer
 .text.freq_to_clock_period
                0x000005fc       0x16 buzzer.o
                0x000005fc                freq_to_clock_period
 .text.duty_cycle_to_pulse_width
                0x00000612       0x3a buzzer.o
                0x00000612                duty_cycle_to_pulse_width
 .text.stop_timer
                0x0000064c       0x12 buzzer.o
                0x0000064c                stop_timer
 .text.start_timer
                0x0000065e       0x10 buzzer.o
                0x0000065e                start_timer
 .text.set_tone
                0x0000066e       0x5e buzzer.o
                0x0000066e                set_tone
 .text.play_sound
                0x000006cc       0x66 buzzer.o
                0x000006cc                play_sound
 .text.play_melody
                0x00000732       0x44 buzzer.o
                0x00000732                play_melody
 .text.get_tone_playing
                0x00000776       0x3a buzzer.o
                0x00000776                get_tone_playing
 .text.play_buzzer
                0x000007b0      0x17a buzzer.o
                0x000007b0                play_buzzer
 .text.mute_tone_toggle
                0x0000092a       0x4e buzzer.o
                0x0000092a                mute_tone_toggle
 .text.get_mute_tone
                0x00000978        0x6 buzzer.o
                0x00000978                get_mute_tone
 .text.set_mute_tone
                0x0000097e       0x46 buzzer.o
                0x0000097e                set_mute_tone
 .text.get_game_mute_flag
                0x000009c4        0x6 buzzer.o
                0x000009c4                get_game_mute_flag
 .text.set_game_mute_flag
                0x000009ca        0x6 buzzer.o
                0x000009ca                set_game_mute_flag
 .text.init_dice
                0x000009d0        0xc dice.o
                0x000009d0                init_dice
 .text.dice_roll_toggle
                0x000009dc       0xda dice.o
                0x000009dc                dice_roll_toggle
 .text.get_dice_rolling
                0x00000ab6        0x6 dice.o
                0x00000ab6                get_dice_rolling
 .text.get_dice_roll_finish
                0x00000abc        0xa dice.o
                0x00000abc                get_dice_roll_finish
 .text.dice_roll
                0x00000ac6       0x1a dice.o
                0x00000ac6                dice_roll
 .text.dice_roll_rand
                0x00000ae0        0xa dice.o
                0x00000ae0                dice_roll_rand
 .text.initialise_display
                0x00000aea       0x78 display.o
                0x00000aea                initialise_display
 .text.start_display
                0x00000b62       0x88 display.o
                0x00000b62                start_display
 .text.update_square_colour
                0x00000bea       0x70 display.o
                0x00000bea                update_square_colour
 .text.init_player
                0x00000c5a       0x32 game.o
                0x00000c5a                init_player
 .text.init_game
                0x00000c8c       0x2a game.o
                0x00000c8c                init_game
 .text.init_game_board
                0x00000cb6       0x1e game.o
                0x00000cb6                init_game_board
 .text.get_object_at
                0x00000cd4       0x2c game.o
                0x00000cd4                get_object_at
 .text.get_object_type
                0x00000d00        0x4 game.o
                0x00000d00                get_object_type
 .text.get_object_identifier
                0x00000d04        0x4 game.o
                0x00000d04                get_object_identifier
 .text.move_player_constrain
                0x00000d08       0x34 game.o
                0x00000d08                move_player_constrain
 .text.get_move_buffer
                0x00000d3c       0x2e game.o
                0x00000d3c                get_move_buffer
 .text.move_buffer_remove
                0x00000d6a       0x92 game.o
                0x00000d6a                move_buffer_remove
 .text.get_move_anim_playing
                0x00000dfc       0x2a game.o
                0x00000dfc                get_move_anim_playing
 .text.get_player_turns
                0x00000e26        0x6 game.o
                0x00000e26                get_player_turns
 .text.player_turns_inc
                0x00000e2c        0xc game.o
                0x00000e2c                player_turns_inc
 .text.collision_object_coords
                0x00000e38       0xbe game.o
                0x00000e38                collision_object_coords
 .text.get_player_n_position
                0x00000ef6       0x2e game.o
                0x00000ef6                get_player_n_position
 .text.set_player_visibility
                0x00000f24       0x66 game.o
                0x00000f24                set_player_visibility
 .text.set_player_n_position
                0x00000f8a       0x1e game.o
                0x00000f8a                set_player_n_position
 .text.handle_player_num_change
                0x00000fa8       0x12 game.o
                0x00000fa8                handle_player_num_change
 .text.get_object_at_cursor
                0x00000fba       0x3e game.o
                0x00000fba                get_object_at_cursor
 .text.move_buffer_add
                0x00000ff8       0xa8 game.o
                0x00000ff8                move_buffer_add
 .text.move_player
                0x000010a0      0x1ba game.o
                0x000010a0                move_player
 .text.handle_player_collision
                0x0000125a       0xb0 game.o
                0x0000125a                handle_player_collision
 .text.move_player_n
                0x0000130a      0x106 game.o
                0x0000130a                move_player_n
 .text.move_anim
                0x00001410       0xdc game.o
                0x00001410                move_anim
 .text.flash_player_cursor
                0x000014ec       0x74 game.o
                0x000014ec                flash_player_cursor
 .text.handle_game_board_num_change
                0x00001560       0x62 game.o
                0x00001560                handle_game_board_num_change
 .text.set_game_difficulty
                0x000015c2       0x56 game.o
                0x000015c2                set_game_difficulty
 .text.get_game_difficulty
                0x00001618        0x6 game.o
                0x00001618                get_game_difficulty
 .text.set_single_player
                0x0000161e       0x46 game.o
                0x0000161e                set_single_player
 .text.get_single_player
                0x00001664        0x6 game.o
                0x00001664                get_single_player
 .text.update_player_time
                0x0000166a       0x38 game.o
                0x0000166a                update_player_time
 .text.is_game_over
                0x000016a2       0x78 game.o
                0x000016a2                is_game_over
 .text.get_game_winner
                0x0000171a        0x6 game.o
                0x0000171a                get_game_winner
 .text.get_game_starting_layout
                0x00001720       0x10 gameboard.o
                0x00001720                get_game_starting_layout
 .text.get_game_board
                0x00001730       0x84 gameboard.o
                0x00001730                get_game_board
 .text.init_joystick
                0x000017b4       0x16 joystick.o
                0x000017b4                init_joystick
 .text.joystick_adc
                0x000017ca       0x64 joystick.o
                0x000017ca                joystick_adc
 .text.set_axis_hold
                0x0000182e       0x16 joystick.o
                0x0000182e                set_axis_hold
 .text.handle_joystick_move
                0x00001844      0x190 joystick.o
                0x00001844                handle_joystick_move
 .text.ledmatrix_setup
                0x000019d4        0x8 ledmatrix.o
                0x000019d4                ledmatrix_setup
 .text.ledmatrix_update_pixel
                0x000019dc       0x3e ledmatrix.o
                0x000019dc                ledmatrix_update_pixel
 .text.ledmatrix_update_column
                0x00001a1a       0x3a ledmatrix.o
                0x00001a1a                ledmatrix_update_column
 .text.ledmatrix_shift_display_left
                0x00001a54        0xe ledmatrix.o
                0x00001a54                ledmatrix_shift_display_left
 .text.ledmatrix_shift_display_right
                0x00001a62        0xe ledmatrix.o
                0x00001a62                ledmatrix_shift_display_right
 .text.ledmatrix_clear
                0x00001a70        0x8 ledmatrix.o
                0x00001a70                ledmatrix_clear
 .text.p_rand_seed
                0x00001a78        0x6 prand_number_gen.o
                0x00001a78                p_rand_seed
 .text.p_rand_next
                0x00001a7e       0x38 prand_number_gen.o
                0x00001a7e                p_rand_next
 .text.initialise_hardware
                0x00001ab6       0x2e project.o
                0x00001ab6                initialise_hardware
 .text.handle_restart_wait
                0x00001ae4       0x5e project.o
                0x00001ae4                handle_restart_wait
 .text.handle_serial_input
                0x00001b42       0x74 project.o
                0x00001b42                handle_serial_input
 .text.handle_joysick_input
                0x00001bb6       0x3e project.o
                0x00001bb6                handle_joysick_input
 .text.handle_button_input
                0x00001bf4       0x2c project.o
                0x00001bf4                handle_button_input
 .text.handle_difficulty_input
                0x00001c20       0x3a project.o
                0x00001c20                handle_difficulty_input
 .text.handle_board_change_input
                0x00001c5a       0x44 project.o
                0x00001c5a                handle_board_change_input
 .text.handle_multi_player_input
                0x00001c9e       0x20 project.o
                0x00001c9e                handle_multi_player_input
 .text.handle_audio_input
                0x00001cbe       0x14 project.o
                0x00001cbe                handle_audio_input
 .text.start_screen
                0x00001cd2       0x7c project.o
                0x00001cd2                start_screen
 .text.handle_pause_input
                0x00001d4e       0x1c project.o
                0x00001d4e                handle_pause_input
 .text.print_new_game
                0x00001d6a       0xa6 project.o
                0x00001d6a                print_new_game
 .text.print_multi_player
                0x00001e10       0x3c project.o
                0x00001e10                print_multi_player
 .text.print_game_over
                0x00001e4c       0x96 project.o
                0x00001e4c                print_game_over
 .text.handle_game_over
                0x00001ee2       0x44 project.o
                0x00001ee2                handle_game_over
 .text.print_difficulty
                0x00001f26       0x6c project.o
                0x00001f26                print_difficulty
 .text.print_start_game
                0x00001f92       0xc6 project.o
                0x00001f92                print_start_game
 .text.new_game
                0x00002058       0x90 project.o
                0x00002058                new_game
 .text.print_difficulty_time
                0x000020e8       0xc8 project.o
                0x000020e8                print_difficulty_time
 .text.print_paused
                0x000021b0       0x44 project.o
                0x000021b0                print_paused
 .text.play_game
                0x000021f4      0x38a project.o
                0x000021f4                play_game
 .text.main     0x0000257e       0x16 project.o
                0x0000257e                main
 .text.uart_put_char
                0x00002594       0x70 serialio.o
 .text.uart_get_char
                0x00002604       0x5c serialio.o
 .text.init_serial_stdio
                0x00002660       0x8e serialio.o
                0x00002660                init_serial_stdio
 .text.serial_input_available
                0x000026ee        0xe serialio.o
                0x000026ee                serial_input_available
 .text.clear_serial_input_buffer
                0x000026fc        0xa serialio.o
                0x000026fc                clear_serial_input_buffer
 .text.get_serial
                0x00002706       0x1a serialio.o
                0x00002706                get_serial
 .text.__vector_21
                0x00002720       0x84 serialio.o
                0x00002720                __vector_21
 .text.__vector_20
                0x000027a4       0xa6 serialio.o
                0x000027a4                __vector_20
 .text.sevenseg_display
                0x0000284a       0x7e seven_seg.o
                0x0000284a                sevenseg_display
 .text.sevenseg_display_digit
                0x000028c8        0xa seven_seg.o
                0x000028c8                sevenseg_display_digit
 .text.init_sevenseg
                0x000028d2       0x14 seven_seg.o
                0x000028d2                init_sevenseg
 .text.spi_setup_master
                0x000028e6       0x58 spi.o
                0x000028e6                spi_setup_master
 .text.spi_send_byte
                0x0000293e        0xc spi.o
                0x0000293e                spi_send_byte
 .text.move_terminal_cursor
                0x0000294a       0x22 terminalio.o
                0x0000294a                move_terminal_cursor
 .text.clear_terminal
                0x0000296c       0x12 terminalio.o
                0x0000296c                clear_terminal
 .text.clear_to_end_of_line
                0x0000297e       0x12 terminalio.o
                0x0000297e                clear_to_end_of_line
 .text.hide_cursor
                0x00002990       0x12 terminalio.o
                0x00002990                hide_cursor
 .text.init_timer0
                0x000029a2       0x30 timer0.o
                0x000029a2                init_timer0
 .text.get_current_time
                0x000029d2       0x20 timer0.o
                0x000029d2                get_current_time
 .text.__vector_16
                0x000029f2       0x76 timer0.o
                0x000029f2                __vector_16
 .text.avr-libc.fplib
                0x00002a68        0x8 c:/program files (x86)/atmel/studio/7.0/toolchain/avr8/avr8-gnu-toolchain/bin/../lib/gcc/avr/5.4.0/../../../../avr/lib/avr5\libm.a(divsf3.o)
                0x00002a68                __divsf3
 .text.avr-libc.fplib
                0x00002a70       0xdc c:/program files (x86)/atmel/studio/7.0/toolchain/avr8/avr8-gnu-toolchain/bin/../lib/gcc/avr/5.4.0/../../../../avr/lib/avr5\libm.a(divsf3x.o)
                0x00002a90                __divsf3x
                0x00002a96                __divsf3_pse
 .text.avr-libc.fplib
                0x00002b4c       0x5e c:/program files (x86)/atmel/studio/7.0/toolchain/avr8/avr8-gnu-toolchain/bin/../lib/gcc/avr/5.4.0/../../../../avr/lib/avr5\libm.a(fixunssfsi.o)
                0x00002b4c                __fixunssfsi
 .text.avr-libc.fplib
                0x00002baa       0x7a c:/program files (x86)/atmel/studio/7.0/toolchain/avr8/avr8-gnu-toolchain/bin/../lib/gcc/avr/5.4.0/../../../../avr/lib/avr5\libm.a(floatsisf.o)
                0x00002baa                __floatunsisf
                0x00002bae                __floatsisf
 .text.avr-libc.fplib
                0x00002c24        0xc c:/program files (x86)/atmel/studio/7.0/toolchain/avr8/avr8-gnu-toolchain/bin/../lib/gcc/avr/5.4.0/../../../../avr/lib/avr5\libm.a(fp_inf.o)
                0x00002c24                __fp_inf
 .text.avr-libc.fplib
                0x00002c30        0x6 c:/program files (x86)/atmel/studio/7.0/toolchain/avr8/avr8-gnu-toolchain/bin/../lib/gcc/avr/5.4.0/../../../../avr/lib/avr5\libm.a(fp_nan.o)
                0x00002c30                __fp_nan
 .text.avr-libc.fplib
                0x00002c36        0xe c:/program files (x86)/atmel/studio/7.0/toolchain/avr8/avr8-gnu-toolchain/bin/../lib/gcc/avr/5.4.0/../../../../avr/lib/avr5\libm.a(fp_pscA.o)
                0x00002c36                __fp_pscA
 .text.avr-libc.fplib
                0x00002c44        0xe c:/program files (x86)/atmel/studio/7.0/toolchain/avr8/avr8-gnu-toolchain/bin/../lib/gcc/avr/5.4.0/../../../../avr/lib/avr5\libm.a(fp_pscB.o)
                0x00002c44                __fp_pscB
 .text.avr-libc.fplib
                0x00002c52       0x22 c:/program files (x86)/atmel/studio/7.0/toolchain/avr8/avr8-gnu-toolchain/bin/../lib/gcc/avr/5.4.0/../../../../avr/lib/avr5\libm.a(fp_round.o)
                0x00002c52                __fp_round
 .text.avr-libc.fplib
                0x00002c74       0x44 c:/program files (x86)/atmel/studio/7.0/toolchain/avr8/avr8-gnu-toolchain/bin/../lib/gcc/avr/5.4.0/../../../../avr/lib/avr5\libm.a(fp_split3.o)
                0x00002c74                __fp_split3
                0x00002c84                __fp_splitA
 .text.avr-libc.fplib
                0x00002cb8        0xe c:/program files (x86)/atmel/studio/7.0/toolchain/avr8/avr8-gnu-toolchain/bin/../lib/gcc/avr/5.4.0/../../../../avr/lib/avr5\libm.a(fp_zero.o)
                0x00002cb8                __fp_zero
                0x00002cba                __fp_szero
 .text.avr-libc.fplib
                0x00002cc6        0x8 c:/program files (x86)/atmel/studio/7.0/toolchain/avr8/avr8-gnu-toolchain/bin/../lib/gcc/avr/5.4.0/../../../../avr/lib/avr5\libm.a(mulsf3.o)
                0x00002cc6                __mulsf3
 .text.avr-libc.fplib
                0x00002cce       0xd2 c:/program files (x86)/atmel/studio/7.0/toolchain/avr8/avr8-gnu-toolchain/bin/../lib/gcc/avr/5.4.0/../../../../avr/lib/avr5\libm.a(mulsf3x.o)
                0x00002cec                __mulsf3x
                0x00002cf2                __mulsf3_pse
 .text.libgcc.div
                0x00002da0       0x18 c:/program files (x86)/atmel/studio/7.0/toolchain/avr8/avr8-gnu-toolchain/bin/../lib/gcc/avr/5.4.0/avr5\libgcc.a(_udivmodqi4.o)
                0x00002da0                __udivmodqi4
 .text.libgcc.div
                0x00002db8       0x44 c:/program files (x86)/atmel/studio/7.0/toolchain/avr8/avr8-gnu-toolchain/bin/../lib/gcc/avr/5.4.0/avr5\libgcc.a(_udivmodsi4.o)
                0x00002db8                __udivmodsi4
 .text.libgcc.div
                0x00002dfc       0x2e c:/program files (x86)/atmel/studio/7.0/toolchain/avr8/avr8-gnu-toolchain/bin/../lib/gcc/avr/5.4.0/avr5\libgcc.a(_divmodsi4.o)
                0x00002dfc                __divmodsi4
 .text.libgcc.div
                0x00002e2a       0x10 c:/program files (x86)/atmel/studio/7.0/toolchain/avr8/avr8-gnu-toolchain/bin/../lib/gcc/avr/5.4.0/avr5\libgcc.a(_negsi2.o)
                0x00002e2a                __negsi2
 .text.libgcc.mul
                0x00002e3a       0x1e c:/program files (x86)/atmel/studio/7.0/toolchain/avr8/avr8-gnu-toolchain/bin/../lib/gcc/avr/5.4.0/avr5\libgcc.a(_umulhisi3.o)
                0x00002e3a                __umulhisi3
 .text.avr-libc
                0x00002e58       0x7c c:/program files (x86)/atmel/studio/7.0/toolchain/avr8/avr8-gnu-toolchain/bin/../lib/gcc/avr/5.4.0/../../../../avr/lib/avr5\libc.a(fgetc.o)
                0x00002e58                fgetc
 .text.avr-libc
                0x00002ed4       0x2c c:/program files (x86)/atmel/studio/7.0/toolchain/avr8/avr8-gnu-toolchain/bin/../lib/gcc/avr/5.4.0/../../../../avr/lib/avr5\libc.a(printf.o)
                0x00002ed4                printf
 .text.avr-libc
                0x00002f00       0x4c c:/program files (x86)/atmel/studio/7.0/toolchain/avr8/avr8-gnu-toolchain/bin/../lib/gcc/avr/5.4.0/../../../../avr/lib/avr5\libc.a(printf_p.o)
                0x00002f00                printf_P
 .text.avr-libc
                0x00002f4c      0x3c2 c:/program files (x86)/atmel/studio/7.0/toolchain/avr8/avr8-gnu-toolchain/bin/../lib/gcc/avr/5.4.0/../../../../avr/lib/avr5\libc.a(vfprintf_std.o)
                0x00002f4c                vfprintf
 .text.avr-libc
                0x0000330e       0x16 c:/program files (x86)/atmel/studio/7.0/toolchain/avr8/avr8-gnu-toolchain/bin/../lib/gcc/avr/5.4.0/../../../../avr/lib/avr5\libc.a(strnlen_P.o)
                0x0000330e                strnlen_P
 .text.avr-libc
                0x00003324       0x16 c:/program files (x86)/atmel/studio/7.0/toolchain/avr8/avr8-gnu-toolchain/bin/../lib/gcc/avr/5.4.0/../../../../avr/lib/avr5\libc.a(strnlen.o)
                0x00003324                strnlen
 .text.avr-libc
                0x0000333a       0x78 c:/program files (x86)/atmel/studio/7.0/toolchain/avr8/avr8-gnu-toolchain/bin/../lib/gcc/avr/5.4.0/../../../../avr/lib/avr5\libc.a(fputc.o)
                0x0000333a                fputc
 .text.avr-libc
                0x000033b2       0xbc c:/program files (x86)/atmel/studio/7.0/toolchain/avr8/avr8-gnu-toolchain/bin/../lib/gcc/avr/5.4.0/../../../../avr/lib/avr5\libc.a(ultoa_invert.o)
                0x000033b2                __ultoa_invert
 .text.libgcc.prologue
                0x0000346e       0x38 c:/program files (x86)/atmel/studio/7.0/toolchain/avr8/avr8-gnu-toolchain/bin/../lib/gcc/avr/5.4.0/avr5\libgcc.a(_prologue.o)
                0x0000346e                __prologue_saves__
 .text.libgcc.prologue
                0x000034a6       0x36 c:/program files (x86)/atmel/studio/7.0/toolchain/avr8/avr8-gnu-toolchain/bin/../lib/gcc/avr/5.4.0/avr5\libgcc.a(_epilogue.o)
                0x000034a6                __epilogue_restores__
                0x000034dc                . = ALIGN (0x2)
 *(.fini9)
 .fini9         0x000034dc        0x0 c:/program files (x86)/atmel/studio/7.0/toolchain/avr8/avr8-gnu-toolchain/bin/../lib/gcc/avr/5.4.0/avr5\libgcc.a(_exit.o)
                0x000034dc                _exit
                0x000034dc                exit
 *(.fini9)
 *(.fini8)
 *(.fini8)
 *(.fini7)
 *(.fini7)
 *(.fini6)
 *(.fini6)
 *(.fini5)
 *(.fini5)
 *(.fini4)
 *(.fini4)
 *(.fini3)
 *(.fini3)
 *(.fini2)
 *(.fini2)
 *(.fini1)
 *(.fini1)
 *(.fini0)
 .fini0         0x000034dc        0x4 c:/program files (x86)/atmel/studio/7.0/toolchain/avr8/avr8-gnu-toolchain/bin/../lib/gcc/avr/5.4.0/avr5\libgcc.a(_exit.o)
 *(.fini0)
                0x000034e0                _etext = .

.data           0x00800100      0x4a2 load address 0x000034e0
                0x00800100                PROVIDE (__data_start, .)
 *(.data)
 *(.data*)
 .data.game_over_vert_text
                0x00800100       0x3e animator.o
 .data.single_player_flag
                0x0080013e        0x1 game.o
                0x0080013e                single_player_flag
 .data.game_board_number
                0x0080013f        0x1 game.o
                0x0080013f                game_board_number
 .data.ladder_sound
                0x00800140       0x21 game.o
 .data.game_board_2_layout
                0x00800161       0x80 gameboard.o
 .data.game_board_1_layout
                0x008001e1       0x80 gameboard.o
 .data.start_sound
                0x00800261      0x1a2 project.o
 .data.gameover_sound
                0x00800403       0xbb project.o
 .data.myStream
                0x008004be        0xe serialio.o
 *(.gnu.linkonce.d*)
 *(.rodata)
 *(.rodata*)
 .rodata.button_sound
                0x008004cc        0xb buzzer.o
 .rodata.button_sound
                0x008004d7        0xb dice.o
 .rodata.snkld_display
                0x008004e2       0x10 display.o
 .rodata.snake_sound
                0x008004f2        0xb game.o
 .rodata.move_sound
                0x008004fd        0xb game.o
 .rodata.button_sound
                0x00800508        0xb game.o
 .rodata.str1.1
                0x00800513       0x73 project.o
                                 0x76 (size before relaxing)
 .rodata.button_sound
                0x00800586        0xb project.o
 .rodata.seven_seg
                0x00800591       0x11 seven_seg.o
                0x00800591                seven_seg
 *(.gnu.linkonce.r*)
                0x008005a2                . = ALIGN (0x2)
                0x008005a2                _edata = .
                0x008005a2                PROVIDE (__data_end, .)

.bss            0x008005a2      0x264
                0x008005a2                PROVIDE (__bss_start, .)
 *(.bss)
 *(.bss*)
 .bss.current_scroll_anim
                0x008005a2        0x2 animator.o
 .bss.anim_paused_flag
                0x008005a4        0x1 animator.o
                0x008005a4                anim_paused_flag
 .bss.scroll_playing_flag
                0x008005a5        0x1 animator.o
                0x008005a5                scroll_playing_flag
 .bss.queue_length
                0x008005a6        0x1 buttons.o
 .bss.button_queue
                0x008005a7        0x4 buttons.o
 .bss.last_button_state
                0x008005ab        0x1 buttons.o
 .bss.game_mute_flag
                0x008005ac        0x1 buzzer.o
                0x008005ac                game_mute_flag
 .bss.game_time_limit
                0x008005ad        0x1 game.o
                0x008005ad                game_time_limit
 .bss.board     0x008005ae        0x2 game.o
 .bss.game_board_formatted
                0x008005b0       0x80 gameboard.o
 .bss.state     0x00800630        0x1 prand_number_gen.o
 .bss.do_echo   0x00800631        0x1 serialio.o
 .bss.clockTicks
                0x00800632        0x4 timer0.o
 *(COMMON)
 COMMON         0x00800636        0xe animator.o
                0x00800636                current_scroll_length
                0x00800637                current_scroll_direction
                0x00800638                current_scroll_frame_time
                0x0080063a                current_move_time
                0x0080063e                current_scroll_head_index
                0x0080063f                current_scroll_colour
                0x00800640                current_scroll_time
 COMMON         0x00800644       0x1c buzzer.o
                0x00800644                frequency
                0x00800646                tone_slide_time
                0x0080064a                melody_length
                0x0080064b                slide
                0x0080064c                melody_sound_index
                0x0080064d                clockperiod
                0x0080064f                tone_start_time
                0x00800653                tone_mute_flag
                0x00800654                tone_dutycycle
                0x00800658                tone_duration
                0x0080065a                melody_playing_flag
                0x0080065b                timer_pause_flag
                0x0080065c                melody_sounds
                0x0080065e                pulsewidth
 COMMON         0x00800660        0x3 dice.o
                0x00800660                player_dice_roll_finish
                0x00800661                player_dice_roll
                0x00800662                player_dice_roll_num
 COMMON         0x00800663       0x6d game.o
                0x00800663                player_1_time
                0x00800665                player_2_x
                0x00800666                player_1_move_buffer_index
                0x00800667                game_winner
                0x00800668                player_1_x
                0x00800669                player_turns
                0x0080066a                player_2_move_buffer_index
                0x0080066b                player_2_move_buffer
                0x0080069b                player_1_y
                0x0080069c                player_visible
                0x0080069d                player_1_move_buffer
                0x008006cd                player_2_y
                0x008006ce                player_2_time
 COMMON         0x008006d0       0x15 joystick.o
                0x008006d0                axis_toggle
                0x008006d1                axis_hold_sample
                0x008006d2                y_joy
                0x008006d4                axis_debounce_time
                0x008006d8                adc_read
                0x008006da                dy_joy
                0x008006db                axis_hold_wait
                0x008006dd                axis_hold_time
                0x008006e1                x_joy
                0x008006e3                dx_joy
                0x008006e4                axis_hold_flag
 COMMON         0x008006e5      0x114 serialio.o
                0x008006e5                out_insert_pos
                0x008006e6                bytes_in_out_buffer
                0x008006e7                out_buffer
                0x008007e6                input_insert_pos
                0x008007e7                input_buffer
                0x008007f7                input_overrun
                0x008007f8                bytes_in_input_buffer
 COMMON         0x008007f9        0x7 seven_seg.o
                0x008007f9                seven_seg_left
                0x008007fa                last_display_time
                0x008007fe                seven_seg_cc
                0x008007ff                seven_seg_right
 COMMON         0x00800800        0x6 c:/program files (x86)/atmel/studio/7.0/toolchain/avr8/avr8-gnu-toolchain/bin/../lib/gcc/avr/5.4.0/../../../../avr/lib/avr5\libc.a(iob.o)
                0x00800800                __iob
                0x00800806                PROVIDE (__bss_end, .)
                0x000034e0                __data_load_start = LOADADDR (.data)
                0x00003982                __data_load_end = (__data_load_start + SIZEOF (.data))

.noinit         0x00800806        0x0
                [!provide]                PROVIDE (__noinit_start, .)
 *(.noinit*)
                [!provide]                PROVIDE (__noinit_end, .)
                0x00800806                _end = .
                [!provide]                PROVIDE (__heap_start, .)

.eeprom         0x00810000        0x0
 *(.eeprom*)
                0x00810000                __eeprom_end = .

.fuse
 *(.fuse)
 *(.lfuse)
 *(.hfuse)
 *(.efuse)

.lock
 *(.lock*)

.signature
 *(.signature*)

.user_signatures
 *(.user_signatures*)

.stab
 *(.stab)

.stabstr
 *(.stabstr)

.stab.excl
 *(.stab.excl)

.stab.exclstr
 *(.stab.exclstr)

.stab.index
 *(.stab.index)

.stab.indexstr
 *(.stab.indexstr)

.comment        0x00000000       0x5c
 *(.comment)
 .comment       0x00000000       0x30 animator.o
                                 0x31 (size before relaxing)
 .comment       0x00000030       0x31 buttons.o
 .comment       0x00000030       0x31 buzzer.o
 .comment       0x00000030       0x31 dice.o
 .comment       0x00000030       0x31 display.o
 .comment       0x00000030       0x31 game.o
 .comment       0x00000030       0x31 gameboard.o
 .comment       0x00000030       0x31 joystick.o
 .comment       0x00000030       0x31 ledmatrix.o
 .comment       0x00000030       0x31 prand_number_gen.o
 .comment       0x00000030       0x31 project.o
 .comment       0x00000030       0x31 serialio.o
 .comment       0x00000030       0x31 seven_seg.o
 .comment       0x00000030       0x31 spi.o
 .comment       0x00000030       0x31 terminalio.o
 .comment       0x00000030       0x31 timer0.o
 .comment       0x00000030       0x31 c:/program files (x86)/atmel/studio/7.0/toolchain/avr8/avr8-gnu-toolchain/bin/../lib/gcc/avr/5.4.0/../../../../avr/lib/avr5\libc.a(fgetc.o)
 .comment       0x00000030       0x31 c:/program files (x86)/atmel/studio/7.0/toolchain/avr8/avr8-gnu-toolchain/bin/../lib/gcc/avr/5.4.0/../../../../avr/lib/avr5\libc.a(iob.o)
 .comment       0x00000030       0x31 c:/program files (x86)/atmel/studio/7.0/toolchain/avr8/avr8-gnu-toolchain/bin/../lib/gcc/avr/5.4.0/../../../../avr/lib/avr5\libc.a(printf.o)
 .comment       0x00000030       0x31 c:/program files (x86)/atmel/studio/7.0/toolchain/avr8/avr8-gnu-toolchain/bin/../lib/gcc/avr/5.4.0/../../../../avr/lib/avr5\libc.a(printf_p.o)
 .comment       0x00000030       0x2c c:/program files (x86)/atmel/studio/7.0/toolchain/avr8/avr8-gnu-toolchain/bin/../lib/gcc/avr/5.4.0/../../../../avr/lib/avr5\libc.a(vfprintf_std.o)
                                 0x2d (size before relaxing)
 .comment       0x0000005c       0x31 c:/program files (x86)/atmel/studio/7.0/toolchain/avr8/avr8-gnu-toolchain/bin/../lib/gcc/avr/5.4.0/../../../../avr/lib/avr5\libc.a(fputc.o)

.note.gnu.avr.deviceinfo
                0x00000000       0x40
 .note.gnu.avr.deviceinfo
                0x00000000       0x40 C:/Program Files (x86)/Atmel/Studio/7.0/Packs/atmel/ATmega_DFP/1.7.374/gcc/dev/atmega324a/avr5/crtatmega324a.o

.note.gnu.build-id
 *(.note.gnu.build-id)

.debug
 *(.debug)

.line
 *(.line)

.debug_srcinfo
 *(.debug_srcinfo)

.debug_sfnames
 *(.debug_sfnames)

.debug_aranges  0x00000000      0x600
 *(.debug_aranges)
 .debug_aranges
                0x00000000       0x50 animator.o
 .debug_aranges
                0x00000050       0x30 buttons.o
 .debug_aranges
                0x00000080       0x90 buzzer.o
 .debug_aranges
                0x00000110       0x48 dice.o
 .debug_aranges
                0x00000158       0x30 display.o
 .debug_aranges
                0x00000188      0x120 game.o
 .debug_aranges
                0x000002a8       0x28 gameboard.o
 .debug_aranges
                0x000002d0       0x40 joystick.o
 .debug_aranges
                0x00000310       0x88 ledmatrix.o
 .debug_aranges
                0x00000398       0x28 prand_number_gen.o
 .debug_aranges
                0x000003c0       0xc8 project.o
 .debug_aranges
                0x00000488       0x58 serialio.o
 .debug_aranges
                0x000004e0       0x40 seven_seg.o
 .debug_aranges
                0x00000520       0x28 spi.o
 .debug_aranges
                0x00000548       0x88 terminalio.o
 .debug_aranges
                0x000005d0       0x30 timer0.o

.debug_pubnames
 *(.debug_pubnames)

.debug_info     0x00000000     0x634b
 *(.debug_info .gnu.linkonce.wi.*)
 .debug_info    0x00000000      0x6cc C:/Program Files (x86)/Atmel/Studio/7.0/Packs/atmel/ATmega_DFP/1.7.374/gcc/dev/atmega324a/avr5/crtatmega324a.o
 .debug_info    0x000006cc      0x3d0 animator.o
 .debug_info    0x00000a9c      0x193 buttons.o
 .debug_info    0x00000c2f      0x857 buzzer.o
 .debug_info    0x00001486      0x5b9 dice.o
 .debug_info    0x00001a3f      0x2e3 display.o
 .debug_info    0x00001d22     0x15a9 game.o
 .debug_info    0x000032cb      0x1ed gameboard.o
 .debug_info    0x000034b8      0x265 joystick.o
 .debug_info    0x0000371d      0x526 ledmatrix.o
 .debug_info    0x00003c43       0xf7 prand_number_gen.o
 .debug_info    0x00003d3a     0x15dc project.o
 .debug_info    0x00005316      0x437 serialio.o
 .debug_info    0x0000574d      0x215 seven_seg.o
 .debug_info    0x00005962       0xc1 spi.o
 .debug_info    0x00005a23      0x461 terminalio.o
 .debug_info    0x00005e84      0x4c7 timer0.o

.debug_abbrev   0x00000000     0x1be1
 *(.debug_abbrev)
 .debug_abbrev  0x00000000      0x66e C:/Program Files (x86)/Atmel/Studio/7.0/Packs/atmel/ATmega_DFP/1.7.374/gcc/dev/atmega324a/avr5/crtatmega324a.o
 .debug_abbrev  0x0000066e      0x12c animator.o
 .debug_abbrev  0x0000079a       0xd6 buttons.o
 .debug_abbrev  0x00000870      0x1e8 buzzer.o
 .debug_abbrev  0x00000a58      0x167 dice.o
 .debug_abbrev  0x00000bbf      0x11f display.o
 .debug_abbrev  0x00000cde      0x306 game.o
 .debug_abbrev  0x00000fe4      0x10c gameboard.o
 .debug_abbrev  0x000010f0      0x11f joystick.o
 .debug_abbrev  0x0000120f      0x13e ledmatrix.o
 .debug_abbrev  0x0000134d       0xab prand_number_gen.o
 .debug_abbrev  0x000013f8      0x1e7 project.o
 .debug_abbrev  0x000015df      0x269 serialio.o
 .debug_abbrev  0x00001848      0x142 seven_seg.o
 .debug_abbrev  0x0000198a       0x7c spi.o
 .debug_abbrev  0x00001a06       0xce terminalio.o
 .debug_abbrev  0x00001ad4      0x10d timer0.o

.debug_line     0x00000000     0x3332
 *(.debug_line .debug_line.* .debug_line_end)
 .debug_line    0x00000000      0x152 C:/Program Files (x86)/Atmel/Studio/7.0/Packs/atmel/ATmega_DFP/1.7.374/gcc/dev/atmega324a/avr5/crtatmega324a.o
 .debug_line    0x00000152      0x269 animator.o
 .debug_line    0x000003bb      0x185 buttons.o
 .debug_line    0x00000540      0x338 buzzer.o
 .debug_line    0x00000878      0x1d2 dice.o
 .debug_line    0x00000a4a      0x23e display.o
 .debug_line    0x00000c88      0xa6a game.o
 .debug_line    0x000016f2      0x145 gameboard.o
 .debug_line    0x00001837      0x268 joystick.o
 .debug_line    0x00001a9f      0x36e ledmatrix.o
 .debug_line    0x00001e0d       0xe7 prand_number_gen.o
 .debug_line    0x00001ef4      0xaca project.o
 .debug_line    0x000029be      0x2ca serialio.o
 .debug_line    0x00002c88      0x19a seven_seg.o
 .debug_line    0x00002e22      0x114 spi.o
 .debug_line    0x00002f36      0x2a9 terminalio.o
 .debug_line    0x000031df      0x153 timer0.o

.debug_frame    0x00000000     0x1198
 *(.debug_frame)
 .debug_frame   0x00000000       0xb8 animator.o
 .debug_frame   0x000000b8       0x74 buttons.o
 .debug_frame   0x0000012c      0x1c0 buzzer.o
 .debug_frame   0x000002ec       0x9c dice.o
 .debug_frame   0x00000388       0x84 display.o
 .debug_frame   0x0000040c      0x3d0 game.o
 .debug_frame   0x000007dc       0x54 gameboard.o
 .debug_frame   0x00000830       0x8c joystick.o
 .debug_frame   0x000008bc      0x138 ledmatrix.o
 .debug_frame   0x000009f4       0x34 prand_number_gen.o
 .debug_frame   0x00000a28      0x35c project.o
 .debug_frame   0x00000d84      0x10c serialio.o
 .debug_frame   0x00000e90       0x70 seven_seg.o
 .debug_frame   0x00000f00       0x34 spi.o
 .debug_frame   0x00000f34      0x1d8 terminalio.o
 .debug_frame   0x0000110c       0x8c timer0.o

.debug_str      0x00000000     0x1855
 *(.debug_str)
 .debug_str     0x00000000      0x255 C:/Program Files (x86)/Atmel/Studio/7.0/Packs/atmel/ATmega_DFP/1.7.374/gcc/dev/atmega324a/avr5/crtatmega324a.o
 .debug_str     0x00000255      0x398 animator.o
                                0x41d (size before relaxing)
 .debug_str     0x000005ed       0x90 buttons.o
                                0x213 (size before relaxing)
 .debug_str     0x0000067d      0x26f buzzer.o
                                0x45c (size before relaxing)
 .debug_str     0x000008ec       0xdc dice.o
                                0x2fa (size before relaxing)
 .debug_str     0x000009c8       0xbe display.o
                                0x268 (size before relaxing)
 .debug_str     0x00000a86      0x486 game.o
                                0x77b (size before relaxing)
 .debug_str     0x00000f0c       0x4e gameboard.o
                                0x24f (size before relaxing)
 .debug_str     0x00000f5a       0xe4 joystick.o
                                0x28e (size before relaxing)
 .debug_str     0x0000103e       0xff ledmatrix.o
                                0x31d (size before relaxing)
 .debug_str     0x0000113d       0x18 prand_number_gen.o
                                0x19c (size before relaxing)
 .debug_str     0x00001155      0x309 project.o
                                0x855 (size before relaxing)
 .debug_str     0x0000145e      0x11b serialio.o
                                0x2f7 (size before relaxing)
 .debug_str     0x00001579       0xb0 seven_seg.o
                                0x26f (size before relaxing)
 .debug_str     0x00001629       0x18 spi.o
                                0x199 (size before relaxing)
 .debug_str     0x00001641      0x1d6 terminalio.o
                                0x391 (size before relaxing)
 .debug_str     0x00001817       0x3e timer0.o
                                0x27b (size before relaxing)

.debug_loc      0x00000000     0x3f55
 *(.debug_loc)
 .debug_loc     0x00000000      0x217 animator.o
 .debug_loc     0x00000217      0x150 buttons.o
 .debug_loc     0x00000367      0x48f buzzer.o
 .debug_loc     0x000007f6       0x97 dice.o
 .debug_loc     0x0000088d      0x25b display.o
 .debug_loc     0x00000ae8     0x102a game.o
 .debug_loc     0x00001b12      0x13d gameboard.o
 .debug_loc     0x00001c4f      0x19d joystick.o
 .debug_loc     0x00001dec      0x412 ledmatrix.o
 .debug_loc     0x000021fe       0x40 prand_number_gen.o
 .debug_loc     0x0000223e     0x1243 project.o
 .debug_loc     0x00003481      0x2c3 serialio.o
 .debug_loc     0x00003744       0xb7 seven_seg.o
 .debug_loc     0x000037fb       0x59 spi.o
 .debug_loc     0x00003854      0x636 terminalio.o
 .debug_loc     0x00003e8a       0xcb timer0.o

.debug_macinfo
 *(.debug_macinfo)

.debug_weaknames
 *(.debug_weaknames)

.debug_funcnames
 *(.debug_funcnames)

.debug_typenames
 *(.debug_typenames)

.debug_varnames
 *(.debug_varnames)

.debug_pubtypes
 *(.debug_pubtypes)

.debug_ranges   0x00000000      0x5a8
 *(.debug_ranges)
 .debug_ranges  0x00000000       0x40 animator.o
 .debug_ranges  0x00000040       0x20 buttons.o
 .debug_ranges  0x00000060       0x80 buzzer.o
 .debug_ranges  0x000000e0       0x38 dice.o
 .debug_ranges  0x00000118       0x20 display.o
 .debug_ranges  0x00000138      0x170 game.o
 .debug_ranges  0x000002a8       0x30 gameboard.o
 .debug_ranges  0x000002d8       0x30 joystick.o
 .debug_ranges  0x00000308       0x90 ledmatrix.o
 .debug_ranges  0x00000398       0x18 prand_number_gen.o
 .debug_ranges  0x000003b0       0xb8 project.o
 .debug_ranges  0x00000468       0x48 serialio.o
 .debug_ranges  0x000004b0       0x48 seven_seg.o
 .debug_ranges  0x000004f8       0x18 spi.o
 .debug_ranges  0x00000510       0x78 terminalio.o
 .debug_ranges  0x00000588       0x20 timer0.o

.debug_macro
 *(.debug_macro)
OUTPUT(A2.elf elf32-avr)
LOAD linker stubs
